The target system is: Android - 1 - aarch64
The host system is: Linux - 6.6.118-android15-8-ge56cf6b09cca-ab15511674-4k - aarch64
Compiling the C compiler identification source file "CMakeCCompilerId.c" succeeded.
Compiler: /opt/ndk/android-ndk-r29/toolchains/llvm/prebuilt/linux-arm64/bin/clang 
Build flags: -g;-DANDROID;-fdata-sections;-ffunction-sections;-funwind-tables;-fstack-protector-strong;-no-canonical-prefixes;-D_FORTIFY_SOURCE=2;-Wformat;-Werror=format-security;
Id flags: -c;--target=aarch64-none-linux-android23 

The output was:
0


Compilation of the C compiler identification source "CMakeCCompilerId.c" produced "CMakeCCompilerId.o"

The C compiler identification is Clang, found in "/storage/internal_new/project/Freyja/app/.cxx/Debug/0tqe4s1j/arm64-v8a/CMakeFiles/3.22.1/CompilerIdC/CMakeCCompilerId.o"

Compiling the CXX compiler identification source file "CMakeCXXCompilerId.cpp" succeeded.
Compiler: /opt/ndk/android-ndk-r29/toolchains/llvm/prebuilt/linux-arm64/bin/clang++ 
Build flags: -g;-DANDROID;-fdata-sections;-ffunction-sections;-funwind-tables;-fstack-protector-strong;-no-canonical-prefixes;-D_FORTIFY_SOURCE=2;-Wformat;-Werror=format-security;;-std=c++17
Id flags: -c;--target=aarch64-none-linux-android23 

The output was:
0


Compilation of the CXX compiler identification source "CMakeCXXCompilerId.cpp" produced "CMakeCXXCompilerId.o"

The CXX compiler identification is Clang, found in "/storage/internal_new/project/Freyja/app/.cxx/Debug/0tqe4s1j/arm64-v8a/CMakeFiles/3.22.1/CompilerIdCXX/CMakeCXXCompilerId.o"

Detecting C compiler ABI info compiled with the following output:
Change Dir: /storage/internal_new/project/Freyja/app/.cxx/Debug/0tqe4s1j/arm64-v8a/CMakeFiles/CMakeTmp

Run Build Command(s):/opt/cmake/cmake-3.22.1/bin/ninja cmTC_a7ebf && [1/2] Building C object CMakeFiles/cmTC_a7ebf.dir/CMakeCCompilerABI.c.o
Android clang version 21.0.0 (https://github.com/HomuHomu833/llvm-custom 62d18923e0836fef09de95de5a774f56b2434d1a)
Target: aarch64-none-linux-android23
Thread model: posix
InstalledDir: /opt/ndk/android-ndk-r29/toolchains/llvm/prebuilt/linux-arm64/bin
 (in-process)
 "/opt/ndk/android-ndk-r29/toolchains/llvm/prebuilt/linux-arm64/bin/clang" -cc1 -triple aarch64-none-linux-android23 -emit-obj -disable-free -clear-ast-before-backend -disable-llvm-verifier -discard-value-names -main-file-name CMakeCCompilerABI.c -mrelocation-model pic -pic-level 2 -pic-is-pie -mframe-pointer=non-leaf -ffp-contract=on -fno-rounding-math -mconstructor-aliases -funwind-tables=2 -enable-tlsdesc -target-cpu generic -target-feature +v8a -target-feature +fp-armv8 -target-feature +neon -target-feature +fix-cortex-a53-835769 -target-abi aapcs -debug-info-kind=constructor -dwarf-version=4 -debugger-tuning=gdb -fdebug-compilation-dir=/storage/internal_new/project/Freyja/app/.cxx/Debug/0tqe4s1j/arm64-v8a/CMakeFiles/CMakeTmp -v -ffunction-sections -fdata-sections -fcoverage-compilation-dir=/storage/internal_new/project/Freyja/app/.cxx/Debug/0tqe4s1j/arm64-v8a/CMakeFiles/CMakeTmp -resource-dir /opt/ndk/android-ndk-r29/toolchains/llvm/prebuilt/linux-arm64/lib/clang/21 -dependency-file CMakeFiles/cmTC_a7ebf.dir/CMakeCCompilerABI.c.o.d -MT CMakeFiles/cmTC_a7ebf.dir/CMakeCCompilerABI.c.o -sys-header-deps -D ANDROID -D _FORTIFY_SOURCE=2 -isysroot /opt/ndk/android-ndk-r29/toolchains/llvm/prebuilt/linux-arm64/sysroot -internal-isystem /opt/ndk/android-ndk-r29/toolchains/llvm/prebuilt/linux-arm64/lib/clang/21/include -internal-isystem /opt/ndk/android-ndk-r29/toolchains/llvm/prebuilt/linux-arm64/sysroot/usr/local/include -internal-externc-isystem /opt/ndk/android-ndk-r29/toolchains/llvm/prebuilt/linux-arm64/sysroot/usr/include/aarch64-linux-android -internal-externc-isystem /opt/ndk/android-ndk-r29/toolchains/llvm/prebuilt/linux-arm64/sysroot/include -internal-externc-isystem /opt/ndk/android-ndk-r29/toolchains/llvm/prebuilt/linux-arm64/sysroot/usr/include -Wformat -ferror-limit 19 -femulated-tls -stack-protector 2 -fno-signed-char -fgnuc-version=4.2.1 -fskip-odr-check-in-gmf -target-feature +outline-atomics -D__GCC_HAVE_DWARF2_CFI_ASM=1 -o CMakeFiles/cmTC_a7ebf.dir/CMakeCCompilerABI.c.o -x c /opt/cmake/cmake-3.22.1/share/cmake-3.22/Modules/CMakeCCompilerABI.c
clang -cc1 version 21.0.0 based upon LLVM 21.0.0 default target aarch64-linux-android25
ignoring nonexistent directory "/opt/ndk/android-ndk-r29/toolchains/llvm/prebuilt/linux-arm64/sysroot/usr/local/include"
ignoring nonexistent directory "/opt/ndk/android-ndk-r29/toolchains/llvm/prebuilt/linux-arm64/sysroot/include"
#include "..." search starts here:
#include <...> search starts here:
 /opt/ndk/android-ndk-r29/toolchains/llvm/prebuilt/linux-arm64/lib/clang/21/include
 /opt/ndk/android-ndk-r29/toolchains/llvm/prebuilt/linux-arm64/sysroot/usr/include/aarch64-linux-android
 /opt/ndk/android-ndk-r29/toolchains/llvm/prebuilt/linux-arm64/sysroot/usr/include
End of search list.
[2/2] Linking C executable cmTC_a7ebf
Android clang version 21.0.0 (https://github.com/HomuHomu833/llvm-custom 62d18923e0836fef09de95de5a774f56b2434d1a)
Target: aarch64-none-linux-android23
Thread model: posix
InstalledDir: /opt/ndk/android-ndk-r29/toolchains/llvm/prebuilt/linux-arm64/bin
 "/opt/ndk/android-ndk-r29/toolchains/llvm/prebuilt/linux-arm64/bin/ld.lld" --sysroot=/opt/ndk/android-ndk-r29/toolchains/llvm/prebuilt/linux-arm64/sysroot -EL --fix-cortex-a53-843419 -z now -z relro -z max-page-size=16384 --no-rosegment --hash-style=gnu --eh-frame-hdr -m aarch64linux -pie -dynamic-linker /system/bin/linker64 -o cmTC_a7ebf /opt/ndk/android-ndk-r29/toolchains/llvm/prebuilt/linux-arm64/sysroot/usr/lib/aarch64-linux-android/23/crtbegin_dynamic.o -L/opt/ndk/android-ndk-r29/toolchains/llvm/prebuilt/linux-arm64/lib/clang/21/lib/linux/aarch64 -L/opt/ndk/android-ndk-r29/toolchains/llvm/prebuilt/linux-arm64/sysroot/usr/lib/aarch64-linux-android/23 -L/opt/ndk/android-ndk-r29/toolchains/llvm/prebuilt/linux-arm64/sysroot/usr/lib/aarch64-linux-android -L/opt/ndk/android-ndk-r29/toolchains/llvm/prebuilt/linux-arm64/sysroot/usr/lib --build-id=sha1 --no-rosegment --no-undefined-version --fatal-warnings --no-undefined CMakeFiles/cmTC_a7ebf.dir/CMakeCCompilerABI.c.o /opt/ndk/android-ndk-r29/toolchains/llvm/prebuilt/linux-arm64/lib/clang/21/lib/linux/libclang_rt.builtins-aarch64-android.a -l:libunwind.a -ldl -lc /opt/ndk/android-ndk-r29/toolchains/llvm/prebuilt/linux-arm64/lib/clang/21/lib/linux/libclang_rt.builtins-aarch64-android.a -l:libunwind.a -ldl /opt/ndk/android-ndk-r29/toolchains/llvm/prebuilt/linux-arm64/sysroot/usr/lib/aarch64-linux-android/23/crtend_android.o



Parsed C implicit include dir info from above output: rv=done
  found start of include info
  found start of implicit include info
    add: [/opt/ndk/android-ndk-r29/toolchains/llvm/prebuilt/linux-arm64/lib/clang/21/include]
    add: [/opt/ndk/android-ndk-r29/toolchains/llvm/prebuilt/linux-arm64/sysroot/usr/include/aarch64-linux-android]
    add: [/opt/ndk/android-ndk-r29/toolchains/llvm/prebuilt/linux-arm64/sysroot/usr/include]
  end of search list found
  collapse include dir [/opt/ndk/android-ndk-r29/toolchains/llvm/prebuilt/linux-arm64/lib/clang/21/include] ==> [/opt/ndk/android-ndk-r29/toolchains/llvm/prebuilt/linux-arm64/lib/clang/21/include]
  collapse include dir [/opt/ndk/android-ndk-r29/toolchains/llvm/prebuilt/linux-arm64/sysroot/usr/include/aarch64-linux-android] ==> [/opt/ndk/android-ndk-r29/toolchains/llvm/prebuilt/linux-arm64/sysroot/usr/include/aarch64-linux-android]
  collapse include dir [/opt/ndk/android-ndk-r29/toolchains/llvm/prebuilt/linux-arm64/sysroot/usr/include] ==> [/opt/ndk/android-ndk-r29/toolchains/llvm/prebuilt/linux-arm64/sysroot/usr/include]
  implicit include dirs: [/opt/ndk/android-ndk-r29/toolchains/llvm/prebuilt/linux-arm64/lib/clang/21/include;/opt/ndk/android-ndk-r29/toolchains/llvm/prebuilt/linux-arm64/sysroot/usr/include/aarch64-linux-android;/opt/ndk/android-ndk-r29/toolchains/llvm/prebuilt/linux-arm64/sysroot/usr/include]


Parsed C implicit link information from above output:
  link line regex: [^( *|.*[/\])(ld\.lld|CMAKE_LINK_STARTFILE-NOTFOUND|([^/\]+-)?ld|collect2)[^/\]*( |$)]
  ignore line: [Change Dir: /storage/internal_new/project/Freyja/app/.cxx/Debug/0tqe4s1j/arm64-v8a/CMakeFiles/CMakeTmp]
  ignore line: []
  ignore line: [Run Build Command(s):/opt/cmake/cmake-3.22.1/bin/ninja cmTC_a7ebf && [1/2] Building C object CMakeFiles/cmTC_a7ebf.dir/CMakeCCompilerABI.c.o]
  ignore line: [Android clang version 21.0.0 (https://github.com/HomuHomu833/llvm-custom 62d18923e0836fef09de95de5a774f56b2434d1a)]
  ignore line: [Target: aarch64-none-linux-android23]
  ignore line: [Thread model: posix]
  ignore line: [InstalledDir: /opt/ndk/android-ndk-r29/toolchains/llvm/prebuilt/linux-arm64/bin]
  ignore line: [ (in-process)]
  ignore line: [ "/opt/ndk/android-ndk-r29/toolchains/llvm/prebuilt/linux-arm64/bin/clang" -cc1 -triple aarch64-none-linux-android23 -emit-obj -disable-free -clear-ast-before-backend -disable-llvm-verifier -discard-value-names -main-file-name CMakeCCompilerABI.c -mrelocation-model pic -pic-level 2 -pic-is-pie -mframe-pointer=non-leaf -ffp-contract=on -fno-rounding-math -mconstructor-aliases -funwind-tables=2 -enable-tlsdesc -target-cpu generic -target-feature +v8a -target-feature +fp-armv8 -target-feature +neon -target-feature +fix-cortex-a53-835769 -target-abi aapcs -debug-info-kind=constructor -dwarf-version=4 -debugger-tuning=gdb -fdebug-compilation-dir=/storage/internal_new/project/Freyja/app/.cxx/Debug/0tqe4s1j/arm64-v8a/CMakeFiles/CMakeTmp -v -ffunction-sections -fdata-sections -fcoverage-compilation-dir=/storage/internal_new/project/Freyja/app/.cxx/Debug/0tqe4s1j/arm64-v8a/CMakeFiles/CMakeTmp -resource-dir /opt/ndk/android-ndk-r29/toolchains/llvm/prebuilt/linux-arm64/lib/clang/21 -dependency-file CMakeFiles/cmTC_a7ebf.dir/CMakeCCompilerABI.c.o.d -MT CMakeFiles/cmTC_a7ebf.dir/CMakeCCompilerABI.c.o -sys-header-deps -D ANDROID -D _FORTIFY_SOURCE=2 -isysroot /opt/ndk/android-ndk-r29/toolchains/llvm/prebuilt/linux-arm64/sysroot -internal-isystem /opt/ndk/android-ndk-r29/toolchains/llvm/prebuilt/linux-arm64/lib/clang/21/include -internal-isystem /opt/ndk/android-ndk-r29/toolchains/llvm/prebuilt/linux-arm64/sysroot/usr/local/include -internal-externc-isystem /opt/ndk/android-ndk-r29/toolchains/llvm/prebuilt/linux-arm64/sysroot/usr/include/aarch64-linux-android -internal-externc-isystem /opt/ndk/android-ndk-r29/toolchains/llvm/prebuilt/linux-arm64/sysroot/include -internal-externc-isystem /opt/ndk/android-ndk-r29/toolchains/llvm/prebuilt/linux-arm64/sysroot/usr/include -Wformat -ferror-limit 19 -femulated-tls -stack-protector 2 -fno-signed-char -fgnuc-version=4.2.1 -fskip-odr-check-in-gmf -target-feature +outline-atomics -D__GCC_HAVE_DWARF2_CFI_ASM=1 -o CMakeFiles/cmTC_a7ebf.dir/CMakeCCompilerABI.c.o -x c /opt/cmake/cmake-3.22.1/share/cmake-3.22/Modules/CMakeCCompilerABI.c]
  ignore line: [clang -cc1 version 21.0.0 based upon LLVM 21.0.0 default target aarch64-linux-android25]
  ignore line: [ignoring nonexistent directory "/opt/ndk/android-ndk-r29/toolchains/llvm/prebuilt/linux-arm64/sysroot/usr/local/include"]
  ignore line: [ignoring nonexistent directory "/opt/ndk/android-ndk-r29/toolchains/llvm/prebuilt/linux-arm64/sysroot/include"]
  ignore line: [#include "..." search starts here:]
  ignore line: [#include <...> search starts here:]
  ignore line: [ /opt/ndk/android-ndk-r29/toolchains/llvm/prebuilt/linux-arm64/lib/clang/21/include]
  ignore line: [ /opt/ndk/android-ndk-r29/toolchains/llvm/prebuilt/linux-arm64/sysroot/usr/include/aarch64-linux-android]
  ignore line: [ /opt/ndk/android-ndk-r29/toolchains/llvm/prebuilt/linux-arm64/sysroot/usr/include]
  ignore line: [End of search list.]
  ignore line: [[2/2] Linking C executable cmTC_a7ebf]
  ignore line: [Android clang version 21.0.0 (https://github.com/HomuHomu833/llvm-custom 62d18923e0836fef09de95de5a774f56b2434d1a)]
  ignore line: [Target: aarch64-none-linux-android23]
  ignore line: [Thread model: posix]
  ignore line: [InstalledDir: /opt/ndk/android-ndk-r29/toolchains/llvm/prebuilt/linux-arm64/bin]
  link line: [ "/opt/ndk/android-ndk-r29/toolchains/llvm/prebuilt/linux-arm64/bin/ld.lld" --sysroot=/opt/ndk/android-ndk-r29/toolchains/llvm/prebuilt/linux-arm64/sysroot -EL --fix-cortex-a53-843419 -z now -z relro -z max-page-size=16384 --no-rosegment --hash-style=gnu --eh-frame-hdr -m aarch64linux -pie -dynamic-linker /system/bin/linker64 -o cmTC_a7ebf /opt/ndk/android-ndk-r29/toolchains/llvm/prebuilt/linux-arm64/sysroot/usr/lib/aarch64-linux-android/23/crtbegin_dynamic.o -L/opt/ndk/android-ndk-r29/toolchains/llvm/prebuilt/linux-arm64/lib/clang/21/lib/linux/aarch64 -L/opt/ndk/android-ndk-r29/toolchains/llvm/prebuilt/linux-arm64/sysroot/usr/lib/aarch64-linux-android/23 -L/opt/ndk/android-ndk-r29/toolchains/llvm/prebuilt/linux-arm64/sysroot/usr/lib/aarch64-linux-android -L/opt/ndk/android-ndk-r29/toolchains/llvm/prebuilt/linux-arm64/sysroot/usr/lib --build-id=sha1 --no-rosegment --no-undefined-version --fatal-warnings --no-undefined CMakeFiles/cmTC_a7ebf.dir/CMakeCCompilerABI.c.o /opt/ndk/android-ndk-r29/toolchains/llvm/prebuilt/linux-arm64/lib/clang/21/lib/linux/libclang_rt.builtins-aarch64-android.a -l:libunwind.a -ldl -lc /opt/ndk/android-ndk-r29/toolchains/llvm/prebuilt/linux-arm64/lib/clang/21/lib/linux/libclang_rt.builtins-aarch64-android.a -l:libunwind.a -ldl /opt/ndk/android-ndk-r29/toolchains/llvm/prebuilt/linux-arm64/sysroot/usr/lib/aarch64-linux-android/23/crtend_android.o]
    arg [/opt/ndk/android-ndk-r29/toolchains/llvm/prebuilt/linux-arm64/bin/ld.lld] ==> ignore
    arg [--sysroot=/opt/ndk/android-ndk-r29/toolchains/llvm/prebuilt/linux-arm64/sysroot] ==> ignore
    arg [-EL] ==> ignore
    arg [--fix-cortex-a53-843419] ==> ignore
    arg [-znow] ==> ignore
    arg [-zrelro] ==> ignore
    arg [-zmax-page-size=16384] ==> ignore
    arg [--no-rosegment] ==> ignore
    arg [--hash-style=gnu] ==> ignore
    arg [--eh-frame-hdr] ==> ignore
    arg [-m] ==> ignore
    arg [aarch64linux] ==> ignore
    arg [-pie] ==> ignore
    arg [-dynamic-linker] ==> ignore
    arg [/system/bin/linker64] ==> ignore
    arg [-o] ==> ignore
    arg [cmTC_a7ebf] ==> ignore
    arg [/opt/ndk/android-ndk-r29/toolchains/llvm/prebuilt/linux-arm64/sysroot/usr/lib/aarch64-linux-android/23/crtbegin_dynamic.o] ==> obj [/opt/ndk/android-ndk-r29/toolchains/llvm/prebuilt/linux-arm64/sysroot/usr/lib/aarch64-linux-android/23/crtbegin_dynamic.o]
    arg [-L/opt/ndk/android-ndk-r29/toolchains/llvm/prebuilt/linux-arm64/lib/clang/21/lib/linux/aarch64] ==> dir [/opt/ndk/android-ndk-r29/toolchains/llvm/prebuilt/linux-arm64/lib/clang/21/lib/linux/aarch64]
    arg [-L/opt/ndk/android-ndk-r29/toolchains/llvm/prebuilt/linux-arm64/sysroot/usr/lib/aarch64-linux-android/23] ==> dir [/opt/ndk/android-ndk-r29/toolchains/llvm/prebuilt/linux-arm64/sysroot/usr/lib/aarch64-linux-android/23]
    arg [-L/opt/ndk/android-ndk-r29/toolchains/llvm/prebuilt/linux-arm64/sysroot/usr/lib/aarch64-linux-android] ==> dir [/opt/ndk/android-ndk-r29/toolchains/llvm/prebuilt/linux-arm64/sysroot/usr/lib/aarch64-linux-android]
    arg [-L/opt/ndk/android-ndk-r29/toolchains/llvm/prebuilt/linux-arm64/sysroot/usr/lib] ==> dir [/opt/ndk/android-ndk-r29/toolchains/llvm/prebuilt/linux-arm64/sysroot/usr/lib]
    arg [--build-id=sha1] ==> ignore
    arg [--no-rosegment] ==> ignore
    arg [--no-undefined-version] ==> ignore
    arg [--fatal-warnings] ==> ignore
    arg [--no-undefined] ==> ignore
    arg [CMakeFiles/cmTC_a7ebf.dir/CMakeCCompilerABI.c.o] ==> ignore
    arg [/opt/ndk/android-ndk-r29/toolchains/llvm/prebuilt/linux-arm64/lib/clang/21/lib/linux/libclang_rt.builtins-aarch64-android.a] ==> lib [/opt/ndk/android-ndk-r29/toolchains/llvm/prebuilt/linux-arm64/lib/clang/21/lib/linux/libclang_rt.builtins-aarch64-android.a]
    arg [-l:libunwind.a] ==> lib [-l:libunwind.a]
    arg [-ldl] ==> lib [dl]
    arg [-lc] ==> lib [c]
    arg [/opt/ndk/android-ndk-r29/toolchains/llvm/prebuilt/linux-arm64/lib/clang/21/lib/linux/libclang_rt.builtins-aarch64-android.a] ==> lib [/opt/ndk/android-ndk-r29/toolchains/llvm/prebuilt/linux-arm64/lib/clang/21/lib/linux/libclang_rt.builtins-aarch64-android.a]
    arg [-l:libunwind.a] ==> lib [-l:libunwind.a]
    arg [-ldl] ==> lib [dl]
    arg [/opt/ndk/android-ndk-r29/toolchains/llvm/prebuilt/linux-arm64/sysroot/usr/lib/aarch64-linux-android/23/crtend_android.o] ==> obj [/opt/ndk/android-ndk-r29/toolchains/llvm/prebuilt/linux-arm64/sysroot/usr/lib/aarch64-linux-android/23/crtend_android.o]
  remove lib [/opt/ndk/android-ndk-r29/toolchains/llvm/prebuilt/linux-arm64/lib/clang/21/lib/linux/libclang_rt.builtins-aarch64-android.a]
  remove lib [/opt/ndk/android-ndk-r29/toolchains/llvm/prebuilt/linux-arm64/lib/clang/21/lib/linux/libclang_rt.builtins-aarch64-android.a]
  collapse library dir [/opt/ndk/android-ndk-r29/toolchains/llvm/prebuilt/linux-arm64/lib/clang/21/lib/linux/aarch64] ==> [/opt/ndk/android-ndk-r29/toolchains/llvm/prebuilt/linux-arm64/lib/clang/21/lib/linux/aarch64]
  collapse library dir [/opt/ndk/android-ndk-r29/toolchains/llvm/prebuilt/linux-arm64/sysroot/usr/lib/aarch64-linux-android/23] ==> [/opt/ndk/android-ndk-r29/toolchains/llvm/prebuilt/linux-arm64/sysroot/usr/lib/aarch64-linux-android/23]
  collapse library dir [/opt/ndk/android-ndk-r29/toolchains/llvm/prebuilt/linux-arm64/sysroot/usr/lib/aarch64-linux-android] ==> [/opt/ndk/android-ndk-r29/toolchains/llvm/prebuilt/linux-arm64/sysroot/usr/lib/aarch64-linux-android]
  collapse library dir [/opt/ndk/android-ndk-r29/toolchains/llvm/prebuilt/linux-arm64/sysroot/usr/lib] ==> [/opt/ndk/android-ndk-r29/toolchains/llvm/prebuilt/linux-arm64/sysroot/usr/lib]
  implicit libs: [-l:libunwind.a;dl;c;-l:libunwind.a;dl]
  implicit objs: [/opt/ndk/android-ndk-r29/toolchains/llvm/prebuilt/linux-arm64/sysroot/usr/lib/aarch64-linux-android/23/crtbegin_dynamic.o;/opt/ndk/android-ndk-r29/toolchains/llvm/prebuilt/linux-arm64/sysroot/usr/lib/aarch64-linux-android/23/crtend_android.o]
  implicit dirs: [/opt/ndk/android-ndk-r29/toolchains/llvm/prebuilt/linux-arm64/lib/clang/21/lib/linux/aarch64;/opt/ndk/android-ndk-r29/toolchains/llvm/prebuilt/linux-arm64/sysroot/usr/lib/aarch64-linux-android/23;/opt/ndk/android-ndk-r29/toolchains/llvm/prebuilt/linux-arm64/sysroot/usr/lib/aarch64-linux-android;/opt/ndk/android-ndk-r29/toolchains/llvm/prebuilt/linux-arm64/sysroot/usr/lib]
  implicit fwks: []


Detecting CXX compiler ABI info compiled with the following output:
Change Dir: /storage/internal_new/project/Freyja/app/.cxx/Debug/0tqe4s1j/arm64-v8a/CMakeFiles/CMakeTmp

Run Build Command(s):/opt/cmake/cmake-3.22.1/bin/ninja cmTC_6aa56 && [1/2] Building CXX object CMakeFiles/cmTC_6aa56.dir/CMakeCXXCompilerABI.cpp.o
Android clang version 21.0.0 (https://github.com/HomuHomu833/llvm-custom 62d18923e0836fef09de95de5a774f56b2434d1a)
Target: aarch64-none-linux-android23
Thread model: posix
InstalledDir: /opt/ndk/android-ndk-r29/toolchains/llvm/prebuilt/linux-arm64/bin
 (in-process)
 "/opt/ndk/android-ndk-r29/toolchains/llvm/prebuilt/linux-arm64/bin/clang++" -cc1 -triple aarch64-none-linux-android23 -emit-obj -disable-free -clear-ast-before-backend -disable-llvm-verifier -discard-value-names -main-file-name CMakeCXXCompilerABI.cpp -mrelocation-model pic -pic-level 2 -pic-is-pie -mframe-pointer=non-leaf -ffp-contract=on -fno-rounding-math -mconstructor-aliases -funwind-tables=2 -enable-tlsdesc -target-cpu generic -target-feature +v8a -target-feature +fp-armv8 -target-feature +neon -target-feature +fix-cortex-a53-835769 -target-abi aapcs -debug-info-kind=constructor -dwarf-version=4 -debugger-tuning=gdb -fdebug-compilation-dir=/storage/internal_new/project/Freyja/app/.cxx/Debug/0tqe4s1j/arm64-v8a/CMakeFiles/CMakeTmp -v -ffunction-sections -fdata-sections -fcoverage-compilation-dir=/storage/internal_new/project/Freyja/app/.cxx/Debug/0tqe4s1j/arm64-v8a/CMakeFiles/CMakeTmp -resource-dir /opt/ndk/android-ndk-r29/toolchains/llvm/prebuilt/linux-arm64/lib/clang/21 -dependency-file CMakeFiles/cmTC_6aa56.dir/CMakeCXXCompilerABI.cpp.o.d -MT CMakeFiles/cmTC_6aa56.dir/CMakeCXXCompilerABI.cpp.o -sys-header-deps -D ANDROID -D _FORTIFY_SOURCE=2 -isysroot /opt/ndk/android-ndk-r29/toolchains/llvm/prebuilt/linux-arm64/sysroot -internal-isystem /opt/ndk/android-ndk-r29/toolchains/llvm/prebuilt/linux-arm64/sysroot/usr/include/c++/v1 -internal-isystem /opt/ndk/android-ndk-r29/toolchains/llvm/prebuilt/linux-arm64/lib/clang/21/include -internal-isystem /opt/ndk/android-ndk-r29/toolchains/llvm/prebuilt/linux-arm64/sysroot/usr/local/include -internal-externc-isystem /opt/ndk/android-ndk-r29/toolchains/llvm/prebuilt/linux-arm64/sysroot/usr/include/aarch64-linux-android -internal-externc-isystem /opt/ndk/android-ndk-r29/toolchains/llvm/prebuilt/linux-arm64/sysroot/include -internal-externc-isystem /opt/ndk/android-ndk-r29/toolchains/llvm/prebuilt/linux-arm64/sysroot/usr/include -Wformat -std=c++17 -fdeprecated-macro -ferror-limit 19 -femulated-tls -stack-protector 2 -fno-signed-char -fgnuc-version=4.2.1 -fskip-odr-check-in-gmf -fcxx-exceptions -fexceptions -target-feature +outline-atomics -D__GCC_HAVE_DWARF2_CFI_ASM=1 -o CMakeFiles/cmTC_6aa56.dir/CMakeCXXCompilerABI.cpp.o -x c++ /opt/cmake/cmake-3.22.1/share/cmake-3.22/Modules/CMakeCXXCompilerABI.cpp
clang -cc1 version 21.0.0 based upon LLVM 21.0.0 default target aarch64-linux-android25
ignoring nonexistent directory "/opt/ndk/android-ndk-r29/toolchains/llvm/prebuilt/linux-arm64/sysroot/usr/local/include"
ignoring nonexistent directory "/opt/ndk/android-ndk-r29/toolchains/llvm/prebuilt/linux-arm64/sysroot/include"
#include "..." search starts here:
#include <...> search starts here:
 /opt/ndk/android-ndk-r29/toolchains/llvm/prebuilt/linux-arm64/sysroot/usr/include/c++/v1
 /opt/ndk/android-ndk-r29/toolchains/llvm/prebuilt/linux-arm64/lib/clang/21/include
 /opt/ndk/android-ndk-r29/toolchains/llvm/prebuilt/linux-arm64/sysroot/usr/include/aarch64-linux-android
 /opt/ndk/android-ndk-r29/toolchains/llvm/prebuilt/linux-arm64/sysroot/usr/include
End of search list.
[2/2] Linking CXX executable cmTC_6aa56
Android clang version 21.0.0 (https://github.com/HomuHomu833/llvm-custom 62d18923e0836fef09de95de5a774f56b2434d1a)
Target: aarch64-none-linux-android23
Thread model: posix
InstalledDir: /opt/ndk/android-ndk-r29/toolchains/llvm/prebuilt/linux-arm64/bin
 "/opt/ndk/android-ndk-r29/toolchains/llvm/prebuilt/linux-arm64/bin/ld.lld" --sysroot=/opt/ndk/android-ndk-r29/toolchains/llvm/prebuilt/linux-arm64/sysroot -EL --fix-cortex-a53-843419 -z now -z relro -z max-page-size=16384 --no-rosegment --hash-style=gnu --eh-frame-hdr -m aarch64linux -pie -dynamic-linker /system/bin/linker64 -o cmTC_6aa56 /opt/ndk/android-ndk-r29/toolchains/llvm/prebuilt/linux-arm64/sysroot/usr/lib/aarch64-linux-android/23/crtbegin_dynamic.o -L/opt/ndk/android-ndk-r29/toolchains/llvm/prebuilt/linux-arm64/lib/clang/21/lib/linux/aarch64 -L/opt/ndk/android-ndk-r29/toolchains/llvm/prebuilt/linux-arm64/sysroot/usr/lib/aarch64-linux-android/23 -L/opt/ndk/android-ndk-r29/toolchains/llvm/prebuilt/linux-arm64/sysroot/usr/lib/aarch64-linux-android -L/opt/ndk/android-ndk-r29/toolchains/llvm/prebuilt/linux-arm64/sysroot/usr/lib --build-id=sha1 --no-rosegment --no-undefined-version --fatal-warnings --no-undefined CMakeFiles/cmTC_6aa56.dir/CMakeCXXCompilerABI.cpp.o -Bstatic -lc++ -Bdynamic -lm /opt/ndk/android-ndk-r29/toolchains/llvm/prebuilt/linux-arm64/lib/clang/21/lib/linux/libclang_rt.builtins-aarch64-android.a -l:libunwind.a -ldl -lc /opt/ndk/android-ndk-r29/toolchains/llvm/prebuilt/linux-arm64/lib/clang/21/lib/linux/libclang_rt.builtins-aarch64-android.a -l:libunwind.a -ldl /opt/ndk/android-ndk-r29/toolchains/llvm/prebuilt/linux-arm64/sysroot/usr/lib/aarch64-linux-android/23/crtend_android.o



Parsed CXX implicit include dir info from above output: rv=done
  found start of include info
  found start of implicit include info
    add: [/opt/ndk/android-ndk-r29/toolchains/llvm/prebuilt/linux-arm64/sysroot/usr/include/c++/v1]
    add: [/opt/ndk/android-ndk-r29/toolchains/llvm/prebuilt/linux-arm64/lib/clang/21/include]
    add: [/opt/ndk/android-ndk-r29/toolchains/llvm/prebuilt/linux-arm64/sysroot/usr/include/aarch64-linux-android]
    add: [/opt/ndk/android-ndk-r29/toolchains/llvm/prebuilt/linux-arm64/sysroot/usr/include]
  end of search list found
  collapse include dir [/opt/ndk/android-ndk-r29/toolchains/llvm/prebuilt/linux-arm64/sysroot/usr/include/c++/v1] ==> [/opt/ndk/android-ndk-r29/toolchains/llvm/prebuilt/linux-arm64/sysroot/usr/include/c++/v1]
  collapse include dir [/opt/ndk/android-ndk-r29/toolchains/llvm/prebuilt/linux-arm64/lib/clang/21/include] ==> [/opt/ndk/android-ndk-r29/toolchains/llvm/prebuilt/linux-arm64/lib/clang/21/include]
  collapse include dir [/opt/ndk/android-ndk-r29/toolchains/llvm/prebuilt/linux-arm64/sysroot/usr/include/aarch64-linux-android] ==> [/opt/ndk/android-ndk-r29/toolchains/llvm/prebuilt/linux-arm64/sysroot/usr/include/aarch64-linux-android]
  collapse include dir [/opt/ndk/android-ndk-r29/toolchains/llvm/prebuilt/linux-arm64/sysroot/usr/include] ==> [/opt/ndk/android-ndk-r29/toolchains/llvm/prebuilt/linux-arm64/sysroot/usr/include]
  implicit include dirs: [/opt/ndk/android-ndk-r29/toolchains/llvm/prebuilt/linux-arm64/sysroot/usr/include/c++/v1;/opt/ndk/android-ndk-r29/toolchains/llvm/prebuilt/linux-arm64/lib/clang/21/include;/opt/ndk/android-ndk-r29/toolchains/llvm/prebuilt/linux-arm64/sysroot/usr/include/aarch64-linux-android;/opt/ndk/android-ndk-r29/toolchains/llvm/prebuilt/linux-arm64/sysroot/usr/include]


Parsed CXX implicit link information from above output:
  link line regex: [^( *|.*[/\])(ld\.lld|CMAKE_LINK_STARTFILE-NOTFOUND|([^/\]+-)?ld|collect2)[^/\]*( |$)]
  ignore line: [Change Dir: /storage/internal_new/project/Freyja/app/.cxx/Debug/0tqe4s1j/arm64-v8a/CMakeFiles/CMakeTmp]
  ignore line: []
  ignore line: [Run Build Command(s):/opt/cmake/cmake-3.22.1/bin/ninja cmTC_6aa56 && [1/2] Building CXX object CMakeFiles/cmTC_6aa56.dir/CMakeCXXCompilerABI.cpp.o]
  ignore line: [Android clang version 21.0.0 (https://github.com/HomuHomu833/llvm-custom 62d18923e0836fef09de95de5a774f56b2434d1a)]
  ignore line: [Target: aarch64-none-linux-android23]
  ignore line: [Thread model: posix]
  ignore line: [InstalledDir: /opt/ndk/android-ndk-r29/toolchains/llvm/prebuilt/linux-arm64/bin]
  ignore line: [ (in-process)]
  ignore line: [ "/opt/ndk/android-ndk-r29/toolchains/llvm/prebuilt/linux-arm64/bin/clang++" -cc1 -triple aarch64-none-linux-android23 -emit-obj -disable-free -clear-ast-before-backend -disable-llvm-verifier -discard-value-names -main-file-name CMakeCXXCompilerABI.cpp -mrelocation-model pic -pic-level 2 -pic-is-pie -mframe-pointer=non-leaf -ffp-contract=on -fno-rounding-math -mconstructor-aliases -funwind-tables=2 -enable-tlsdesc -target-cpu generic -target-feature +v8a -target-feature +fp-armv8 -target-feature +neon -target-feature +fix-cortex-a53-835769 -target-abi aapcs -debug-info-kind=constructor -dwarf-version=4 -debugger-tuning=gdb -fdebug-compilation-dir=/storage/internal_new/project/Freyja/app/.cxx/Debug/0tqe4s1j/arm64-v8a/CMakeFiles/CMakeTmp -v -ffunction-sections -fdata-sections -fcoverage-compilation-dir=/storage/internal_new/project/Freyja/app/.cxx/Debug/0tqe4s1j/arm64-v8a/CMakeFiles/CMakeTmp -resource-dir /opt/ndk/android-ndk-r29/toolchains/llvm/prebuilt/linux-arm64/lib/clang/21 -dependency-file CMakeFiles/cmTC_6aa56.dir/CMakeCXXCompilerABI.cpp.o.d -MT CMakeFiles/cmTC_6aa56.dir/CMakeCXXCompilerABI.cpp.o -sys-header-deps -D ANDROID -D _FORTIFY_SOURCE=2 -isysroot /opt/ndk/android-ndk-r29/toolchains/llvm/prebuilt/linux-arm64/sysroot -internal-isystem /opt/ndk/android-ndk-r29/toolchains/llvm/prebuilt/linux-arm64/sysroot/usr/include/c++/v1 -internal-isystem /opt/ndk/android-ndk-r29/toolchains/llvm/prebuilt/linux-arm64/lib/clang/21/include -internal-isystem /opt/ndk/android-ndk-r29/toolchains/llvm/prebuilt/linux-arm64/sysroot/usr/local/include -internal-externc-isystem /opt/ndk/android-ndk-r29/toolchains/llvm/prebuilt/linux-arm64/sysroot/usr/include/aarch64-linux-android -internal-externc-isystem /opt/ndk/android-ndk-r29/toolchains/llvm/prebuilt/linux-arm64/sysroot/include -internal-externc-isystem /opt/ndk/android-ndk-r29/toolchains/llvm/prebuilt/linux-arm64/sysroot/usr/include -Wformat -std=c++17 -fdeprecated-macro -ferror-limit 19 -femulated-tls -stack-protector 2 -fno-signed-char -fgnuc-version=4.2.1 -fskip-odr-check-in-gmf -fcxx-exceptions -fexceptions -target-feature +outline-atomics -D__GCC_HAVE_DWARF2_CFI_ASM=1 -o CMakeFiles/cmTC_6aa56.dir/CMakeCXXCompilerABI.cpp.o -x c++ /opt/cmake/cmake-3.22.1/share/cmake-3.22/Modules/CMakeCXXCompilerABI.cpp]
  ignore line: [clang -cc1 version 21.0.0 based upon LLVM 21.0.0 default target aarch64-linux-android25]
  ignore line: [ignoring nonexistent directory "/opt/ndk/android-ndk-r29/toolchains/llvm/prebuilt/linux-arm64/sysroot/usr/local/include"]
  ignore line: [ignoring nonexistent directory "/opt/ndk/android-ndk-r29/toolchains/llvm/prebuilt/linux-arm64/sysroot/include"]
  ignore line: [#include "..." search starts here:]
  ignore line: [#include <...> search starts here:]
  ignore line: [ /opt/ndk/android-ndk-r29/toolchains/llvm/prebuilt/linux-arm64/sysroot/usr/include/c++/v1]
  ignore line: [ /opt/ndk/android-ndk-r29/toolchains/llvm/prebuilt/linux-arm64/lib/clang/21/include]
  ignore line: [ /opt/ndk/android-ndk-r29/toolchains/llvm/prebuilt/linux-arm64/sysroot/usr/include/aarch64-linux-android]
  ignore line: [ /opt/ndk/android-ndk-r29/toolchains/llvm/prebuilt/linux-arm64/sysroot/usr/include]
  ignore line: [End of search list.]
  ignore line: [[2/2] Linking CXX executable cmTC_6aa56]
  ignore line: [Android clang version 21.0.0 (https://github.com/HomuHomu833/llvm-custom 62d18923e0836fef09de95de5a774f56b2434d1a)]
  ignore line: [Target: aarch64-none-linux-android23]
  ignore line: [Thread model: posix]
  ignore line: [InstalledDir: /opt/ndk/android-ndk-r29/toolchains/llvm/prebuilt/linux-arm64/bin]
  link line: [ "/opt/ndk/android-ndk-r29/toolchains/llvm/prebuilt/linux-arm64/bin/ld.lld" --sysroot=/opt/ndk/android-ndk-r29/toolchains/llvm/prebuilt/linux-arm64/sysroot -EL --fix-cortex-a53-843419 -z now -z relro -z max-page-size=16384 --no-rosegment --hash-style=gnu --eh-frame-hdr -m aarch64linux -pie -dynamic-linker /system/bin/linker64 -o cmTC_6aa56 /opt/ndk/android-ndk-r29/toolchains/llvm/prebuilt/linux-arm64/sysroot/usr/lib/aarch64-linux-android/23/crtbegin_dynamic.o -L/opt/ndk/android-ndk-r29/toolchains/llvm/prebuilt/linux-arm64/lib/clang/21/lib/linux/aarch64 -L/opt/ndk/android-ndk-r29/toolchains/llvm/prebuilt/linux-arm64/sysroot/usr/lib/aarch64-linux-android/23 -L/opt/ndk/android-ndk-r29/toolchains/llvm/prebuilt/linux-arm64/sysroot/usr/lib/aarch64-linux-android -L/opt/ndk/android-ndk-r29/toolchains/llvm/prebuilt/linux-arm64/sysroot/usr/lib --build-id=sha1 --no-rosegment --no-undefined-version --fatal-warnings --no-undefined CMakeFiles/cmTC_6aa56.dir/CMakeCXXCompilerABI.cpp.o -Bstatic -lc++ -Bdynamic -lm /opt/ndk/android-ndk-r29/toolchains/llvm/prebuilt/linux-arm64/lib/clang/21/lib/linux/libclang_rt.builtins-aarch64-android.a -l:libunwind.a -ldl -lc /opt/ndk/android-ndk-r29/toolchains/llvm/prebuilt/linux-arm64/lib/clang/21/lib/linux/libclang_rt.builtins-aarch64-android.a -l:libunwind.a -ldl /opt/ndk/android-ndk-r29/toolchains/llvm/prebuilt/linux-arm64/sysroot/usr/lib/aarch64-linux-android/23/crtend_android.o]
    arg [/opt/ndk/android-ndk-r29/toolchains/llvm/prebuilt/linux-arm64/bin/ld.lld] ==> ignore
    arg [--sysroot=/opt/ndk/android-ndk-r29/toolchains/llvm/prebuilt/linux-arm64/sysroot] ==> ignore
    arg [-EL] ==> ignore
    arg [--fix-cortex-a53-843419] ==> ignore
    arg [-znow] ==> ignore
    arg [-zrelro] ==> ignore
    arg [-zmax-page-size=16384] ==> ignore
    arg [--no-rosegment] ==> ignore
    arg [--hash-style=gnu] ==> ignore
    arg [--eh-frame-hdr] ==> ignore
    arg [-m] ==> ignore
    arg [aarch64linux] ==> ignore
    arg [-pie] ==> ignore
    arg [-dynamic-linker] ==> ignore
    arg [/system/bin/linker64] ==> ignore
    arg [-o] ==> ignore
    arg [cmTC_6aa56] ==> ignore
    arg [/opt/ndk/android-ndk-r29/toolchains/llvm/prebuilt/linux-arm64/sysroot/usr/lib/aarch64-linux-android/23/crtbegin_dynamic.o] ==> obj [/opt/ndk/android-ndk-r29/toolchains/llvm/prebuilt/linux-arm64/sysroot/usr/lib/aarch64-linux-android/23/crtbegin_dynamic.o]
    arg [-L/opt/ndk/android-ndk-r29/toolchains/llvm/prebuilt/linux-arm64/lib/clang/21/lib/linux/aarch64] ==> dir [/opt/ndk/android-ndk-r29/toolchains/llvm/prebuilt/linux-arm64/lib/clang/21/lib/linux/aarch64]
    arg [-L/opt/ndk/android-ndk-r29/toolchains/llvm/prebuilt/linux-arm64/sysroot/usr/lib/aarch64-linux-android/23] ==> dir [/opt/ndk/android-ndk-r29/toolchains/llvm/prebuilt/linux-arm64/sysroot/usr/lib/aarch64-linux-android/23]
    arg [-L/opt/ndk/android-ndk-r29/toolchains/llvm/prebuilt/linux-arm64/sysroot/usr/lib/aarch64-linux-android] ==> dir [/opt/ndk/android-ndk-r29/toolchains/llvm/prebuilt/linux-arm64/sysroot/usr/lib/aarch64-linux-android]
    arg [-L/opt/ndk/android-ndk-r29/toolchains/llvm/prebuilt/linux-arm64/sysroot/usr/lib] ==> dir [/opt/ndk/android-ndk-r29/toolchains/llvm/prebuilt/linux-arm64/sysroot/usr/lib]
    arg [--build-id=sha1] ==> ignore
    arg [--no-rosegment] ==> ignore
    arg [--no-undefined-version] ==> ignore
    arg [--fatal-warnings] ==> ignore
    arg [--no-undefined] ==> ignore
    arg [CMakeFiles/cmTC_6aa56.dir/CMakeCXXCompilerABI.cpp.o] ==> ignore
    arg [-Bstatic] ==> search static
    arg [-lc++] ==> lib [c++]
    arg [-Bdynamic] ==> search dynamic
    arg [-lm] ==> lib [m]
    arg [/opt/ndk/android-ndk-r29/toolchains/llvm/prebuilt/linux-arm64/lib/clang/21/lib/linux/libclang_rt.builtins-aarch64-android.a] ==> lib [/opt/ndk/android-ndk-r29/toolchains/llvm/prebuilt/linux-arm64/lib/clang/21/lib/linux/libclang_rt.builtins-aarch64-android.a]
    arg [-l:libunwind.a] ==> lib [-l:libunwind.a]
    arg [-ldl] ==> lib [dl]
    arg [-lc] ==> lib [c]
    arg [/opt/ndk/android-ndk-r29/toolchains/llvm/prebuilt/linux-arm64/lib/clang/21/lib/linux/libclang_rt.builtins-aarch64-android.a] ==> lib [/opt/ndk/android-ndk-r29/toolchains/llvm/prebuilt/linux-arm64/lib/clang/21/lib/linux/libclang_rt.builtins-aarch64-android.a]
    arg [-l:libunwind.a] ==> lib [-l:libunwind.a]
    arg [-ldl] ==> lib [dl]
    arg [/opt/ndk/android-ndk-r29/toolchains/llvm/prebuilt/linux-arm64/sysroot/usr/lib/aarch64-linux-android/23/crtend_android.o] ==> obj [/opt/ndk/android-ndk-r29/toolchains/llvm/prebuilt/linux-arm64/sysroot/usr/lib/aarch64-linux-android/23/crtend_android.o]
  remove lib [/opt/ndk/android-ndk-r29/toolchains/llvm/prebuilt/linux-arm64/lib/clang/21/lib/linux/libclang_rt.builtins-aarch64-android.a]
  remove lib [/opt/ndk/android-ndk-r29/toolchains/llvm/prebuilt/linux-arm64/lib/clang/21/lib/linux/libclang_rt.builtins-aarch64-android.a]
  collapse library dir [/opt/ndk/android-ndk-r29/toolchains/llvm/prebuilt/linux-arm64/lib/clang/21/lib/linux/aarch64] ==> [/opt/ndk/android-ndk-r29/toolchains/llvm/prebuilt/linux-arm64/lib/clang/21/lib/linux/aarch64]
  collapse library dir [/opt/ndk/android-ndk-r29/toolchains/llvm/prebuilt/linux-arm64/sysroot/usr/lib/aarch64-linux-android/23] ==> [/opt/ndk/android-ndk-r29/toolchains/llvm/prebuilt/linux-arm64/sysroot/usr/lib/aarch64-linux-android/23]
  collapse library dir [/opt/ndk/android-ndk-r29/toolchains/llvm/prebuilt/linux-arm64/sysroot/usr/lib/aarch64-linux-android] ==> [/opt/ndk/android-ndk-r29/toolchains/llvm/prebuilt/linux-arm64/sysroot/usr/lib/aarch64-linux-android]
  collapse library dir [/opt/ndk/android-ndk-r29/toolchains/llvm/prebuilt/linux-arm64/sysroot/usr/lib] ==> [/opt/ndk/android-ndk-r29/toolchains/llvm/prebuilt/linux-arm64/sysroot/usr/lib]
  implicit libs: [c++;m;-l:libunwind.a;dl;c;-l:libunwind.a;dl]
  implicit objs: [/opt/ndk/android-ndk-r29/toolchains/llvm/prebuilt/linux-arm64/sysroot/usr/lib/aarch64-linux-android/23/crtbegin_dynamic.o;/opt/ndk/android-ndk-r29/toolchains/llvm/prebuilt/linux-arm64/sysroot/usr/lib/aarch64-linux-android/23/crtend_android.o]
  implicit dirs: [/opt/ndk/android-ndk-r29/toolchains/llvm/prebuilt/linux-arm64/lib/clang/21/lib/linux/aarch64;/opt/ndk/android-ndk-r29/toolchains/llvm/prebuilt/linux-arm64/sysroot/usr/lib/aarch64-linux-android/23;/opt/ndk/android-ndk-r29/toolchains/llvm/prebuilt/linux-arm64/sysroot/usr/lib/aarch64-linux-android;/opt/ndk/android-ndk-r29/toolchains/llvm/prebuilt/linux-arm64/sysroot/usr/lib]
  implicit fwks: []


