The target system is: Android - 1 - armv7-a
The host system is: Linux - 6.6.118-android15-8-ge56cf6b09cca-ab15511674-4k - aarch64
Compiling the C compiler identification source file "CMakeCCompilerId.c" succeeded.
Compiler: /opt/ndk/android-ndk-r29/toolchains/llvm/prebuilt/linux-arm64/bin/clang 
Build flags: -g;-DANDROID;-fdata-sections;-ffunction-sections;-funwind-tables;-fstack-protector-strong;-no-canonical-prefixes;-D_FORTIFY_SOURCE=2;-march=armv7-a;-mthumb;-Wformat;-Werror=format-security;
Id flags: -c;--target=armv7-none-linux-androideabi26 

The output was:
0


Compilation of the C compiler identification source "CMakeCCompilerId.c" produced "CMakeCCompilerId.o"

The C compiler identification is Clang, found in "/storage/internal_new/project/Freyja/app/.cxx/Debug/5t2h71d6/armeabi-v7a/CMakeFiles/3.22.1/CompilerIdC/CMakeCCompilerId.o"

Compiling the CXX compiler identification source file "CMakeCXXCompilerId.cpp" succeeded.
Compiler: /opt/ndk/android-ndk-r29/toolchains/llvm/prebuilt/linux-arm64/bin/clang++ 
Build flags: -g;-DANDROID;-fdata-sections;-ffunction-sections;-funwind-tables;-fstack-protector-strong;-no-canonical-prefixes;-D_FORTIFY_SOURCE=2;-march=armv7-a;-mthumb;-Wformat;-Werror=format-security;;
Id flags: -c;--target=armv7-none-linux-androideabi26 

The output was:
0


Compilation of the CXX compiler identification source "CMakeCXXCompilerId.cpp" produced "CMakeCXXCompilerId.o"

The CXX compiler identification is Clang, found in "/storage/internal_new/project/Freyja/app/.cxx/Debug/5t2h71d6/armeabi-v7a/CMakeFiles/3.22.1/CompilerIdCXX/CMakeCXXCompilerId.o"

Detecting C compiler ABI info compiled with the following output:
Change Dir: /storage/internal_new/project/Freyja/app/.cxx/Debug/5t2h71d6/armeabi-v7a/CMakeFiles/CMakeTmp

Run Build Command(s):/opt/cmake/cmake-3.22.1/bin/ninja cmTC_b6e05 && [1/2] Building C object CMakeFiles/cmTC_b6e05.dir/CMakeCCompilerABI.c.o
Android clang version 21.0.0 (https://github.com/HomuHomu833/llvm-custom 62d18923e0836fef09de95de5a774f56b2434d1a)
Target: armv7-none-linux-android26
Thread model: posix
InstalledDir: /opt/ndk/android-ndk-r29/toolchains/llvm/prebuilt/linux-arm64/bin
 (in-process)
 "/opt/ndk/android-ndk-r29/toolchains/llvm/prebuilt/linux-arm64/bin/clang" -cc1 -triple thumbv7-none-linux-android26 -emit-obj -disable-free -clear-ast-before-backend -disable-llvm-verifier -discard-value-names -main-file-name CMakeCCompilerABI.c -mrelocation-model pic -pic-level 2 -pic-is-pie -mframe-pointer=all -ffp-contract=on -fno-rounding-math -mconstructor-aliases -funwind-tables=1 -target-cpu generic -target-feature +soft-float-abi -target-feature +vfp2 -target-feature +vfp2sp -target-feature +vfp3 -target-feature +vfp3d16 -target-feature +vfp3d16sp -target-feature +vfp3sp -target-feature -fp16 -target-feature -vfp4 -target-feature -vfp4d16 -target-feature -vfp4d16sp -target-feature -vfp4sp -target-feature -fp-armv8 -target-feature -fp-armv8d16 -target-feature -fp-armv8d16sp -target-feature -fp-armv8sp -target-feature -fullfp16 -target-feature +fp64 -target-feature +d32 -target-feature +neon -target-feature -sha2 -target-feature -aes -target-feature -fp16fml -target-abi aapcs-linux -mfloat-abi soft -debug-info-kind=constructor -dwarf-version=4 -debugger-tuning=gdb -fdebug-compilation-dir=/storage/internal_new/project/Freyja/app/.cxx/Debug/5t2h71d6/armeabi-v7a/CMakeFiles/CMakeTmp -v -ffunction-sections -fdata-sections -fcoverage-compilation-dir=/storage/internal_new/project/Freyja/app/.cxx/Debug/5t2h71d6/armeabi-v7a/CMakeFiles/CMakeTmp -resource-dir /opt/ndk/android-ndk-r29/toolchains/llvm/prebuilt/linux-arm64/lib/clang/21 -dependency-file CMakeFiles/cmTC_b6e05.dir/CMakeCCompilerABI.c.o.d -MT CMakeFiles/cmTC_b6e05.dir/CMakeCCompilerABI.c.o -sys-header-deps -D ANDROID -D _FORTIFY_SOURCE=2 -isysroot /opt/ndk/android-ndk-r29/toolchains/llvm/prebuilt/linux-arm64/sysroot -internal-isystem /opt/ndk/android-ndk-r29/toolchains/llvm/prebuilt/linux-arm64/lib/clang/21/include -internal-isystem /opt/ndk/android-ndk-r29/toolchains/llvm/prebuilt/linux-arm64/sysroot/usr/local/include -internal-externc-isystem /opt/ndk/android-ndk-r29/toolchains/llvm/prebuilt/linux-arm64/sysroot/usr/include/arm-linux-androideabi -internal-externc-isystem /opt/ndk/android-ndk-r29/toolchains/llvm/prebuilt/linux-arm64/sysroot/include -internal-externc-isystem /opt/ndk/android-ndk-r29/toolchains/llvm/prebuilt/linux-arm64/sysroot/usr/include -Wformat -ferror-limit 19 -femulated-tls -stack-protector 2 -fno-signed-char -fgnuc-version=4.2.1 -fskip-odr-check-in-gmf -D__GCC_HAVE_DWARF2_CFI_ASM=1 -o CMakeFiles/cmTC_b6e05.dir/CMakeCCompilerABI.c.o -x c /opt/cmake/cmake-3.22.1/share/cmake-3.22/Modules/CMakeCCompilerABI.c
clang -cc1 version 21.0.0 based upon LLVM 21.0.0 default target aarch64-linux-android25
ignoring nonexistent directory "/opt/ndk/android-ndk-r29/toolchains/llvm/prebuilt/linux-arm64/sysroot/usr/local/include"
ignoring nonexistent directory "/opt/ndk/android-ndk-r29/toolchains/llvm/prebuilt/linux-arm64/sysroot/include"
#include "..." search starts here:
#include <...> search starts here:
 /opt/ndk/android-ndk-r29/toolchains/llvm/prebuilt/linux-arm64/lib/clang/21/include
 /opt/ndk/android-ndk-r29/toolchains/llvm/prebuilt/linux-arm64/sysroot/usr/include/arm-linux-androideabi
 /opt/ndk/android-ndk-r29/toolchains/llvm/prebuilt/linux-arm64/sysroot/usr/include
End of search list.
[2/2] Linking C executable cmTC_b6e05
Android clang version 21.0.0 (https://github.com/HomuHomu833/llvm-custom 62d18923e0836fef09de95de5a774f56b2434d1a)
Target: armv7-none-linux-android26
Thread model: posix
InstalledDir: /opt/ndk/android-ndk-r29/toolchains/llvm/prebuilt/linux-arm64/bin
 "/opt/ndk/android-ndk-r29/toolchains/llvm/prebuilt/linux-arm64/bin/ld.lld" --sysroot=/opt/ndk/android-ndk-r29/toolchains/llvm/prebuilt/linux-arm64/sysroot -EL -z now -z relro -z max-page-size=4096 --no-rosegment -X --hash-style=gnu --eh-frame-hdr -m armelf_linux_eabi -pie -dynamic-linker /system/bin/linker -o cmTC_b6e05 /opt/ndk/android-ndk-r29/toolchains/llvm/prebuilt/linux-arm64/sysroot/usr/lib/arm-linux-androideabi/26/crtbegin_dynamic.o -L/opt/ndk/android-ndk-r29/toolchains/llvm/prebuilt/linux-arm64/lib/clang/21/lib/linux/arm -L/opt/ndk/android-ndk-r29/toolchains/llvm/prebuilt/linux-arm64/sysroot/usr/lib/arm-linux-androideabi/26 -L/opt/ndk/android-ndk-r29/toolchains/llvm/prebuilt/linux-arm64/sysroot/usr/lib/arm-linux-androideabi -L/opt/ndk/android-ndk-r29/toolchains/llvm/prebuilt/linux-arm64/sysroot/usr/lib/../lib -L/opt/ndk/android-ndk-r29/toolchains/llvm/prebuilt/linux-arm64/sysroot/usr/lib --build-id=sha1 --no-rosegment --no-undefined-version --fatal-warnings --no-undefined CMakeFiles/cmTC_b6e05.dir/CMakeCCompilerABI.c.o /opt/ndk/android-ndk-r29/toolchains/llvm/prebuilt/linux-arm64/lib/clang/21/lib/linux/libclang_rt.builtins-arm-android.a -l:libunwind.a -ldl -lc /opt/ndk/android-ndk-r29/toolchains/llvm/prebuilt/linux-arm64/lib/clang/21/lib/linux/libclang_rt.builtins-arm-android.a -l:libunwind.a -ldl /opt/ndk/android-ndk-r29/toolchains/llvm/prebuilt/linux-arm64/sysroot/usr/lib/arm-linux-androideabi/26/crtend_android.o



Parsed C implicit include dir info from above output: rv=done
  found start of include info
  found start of implicit include info
    add: [/opt/ndk/android-ndk-r29/toolchains/llvm/prebuilt/linux-arm64/lib/clang/21/include]
    add: [/opt/ndk/android-ndk-r29/toolchains/llvm/prebuilt/linux-arm64/sysroot/usr/include/arm-linux-androideabi]
    add: [/opt/ndk/android-ndk-r29/toolchains/llvm/prebuilt/linux-arm64/sysroot/usr/include]
  end of search list found
  collapse include dir [/opt/ndk/android-ndk-r29/toolchains/llvm/prebuilt/linux-arm64/lib/clang/21/include] ==> [/opt/ndk/android-ndk-r29/toolchains/llvm/prebuilt/linux-arm64/lib/clang/21/include]
  collapse include dir [/opt/ndk/android-ndk-r29/toolchains/llvm/prebuilt/linux-arm64/sysroot/usr/include/arm-linux-androideabi] ==> [/opt/ndk/android-ndk-r29/toolchains/llvm/prebuilt/linux-arm64/sysroot/usr/include/arm-linux-androideabi]
  collapse include dir [/opt/ndk/android-ndk-r29/toolchains/llvm/prebuilt/linux-arm64/sysroot/usr/include] ==> [/opt/ndk/android-ndk-r29/toolchains/llvm/prebuilt/linux-arm64/sysroot/usr/include]
  implicit include dirs: [/opt/ndk/android-ndk-r29/toolchains/llvm/prebuilt/linux-arm64/lib/clang/21/include;/opt/ndk/android-ndk-r29/toolchains/llvm/prebuilt/linux-arm64/sysroot/usr/include/arm-linux-androideabi;/opt/ndk/android-ndk-r29/toolchains/llvm/prebuilt/linux-arm64/sysroot/usr/include]


Parsed C implicit link information from above output:
  link line regex: [^( *|.*[/\])(ld\.lld|CMAKE_LINK_STARTFILE-NOTFOUND|([^/\]+-)?ld|collect2)[^/\]*( |$)]
  ignore line: [Change Dir: /storage/internal_new/project/Freyja/app/.cxx/Debug/5t2h71d6/armeabi-v7a/CMakeFiles/CMakeTmp]
  ignore line: []
  ignore line: [Run Build Command(s):/opt/cmake/cmake-3.22.1/bin/ninja cmTC_b6e05 && [1/2] Building C object CMakeFiles/cmTC_b6e05.dir/CMakeCCompilerABI.c.o]
  ignore line: [Android clang version 21.0.0 (https://github.com/HomuHomu833/llvm-custom 62d18923e0836fef09de95de5a774f56b2434d1a)]
  ignore line: [Target: armv7-none-linux-android26]
  ignore line: [Thread model: posix]
  ignore line: [InstalledDir: /opt/ndk/android-ndk-r29/toolchains/llvm/prebuilt/linux-arm64/bin]
  ignore line: [ (in-process)]
  ignore line: [ "/opt/ndk/android-ndk-r29/toolchains/llvm/prebuilt/linux-arm64/bin/clang" -cc1 -triple thumbv7-none-linux-android26 -emit-obj -disable-free -clear-ast-before-backend -disable-llvm-verifier -discard-value-names -main-file-name CMakeCCompilerABI.c -mrelocation-model pic -pic-level 2 -pic-is-pie -mframe-pointer=all -ffp-contract=on -fno-rounding-math -mconstructor-aliases -funwind-tables=1 -target-cpu generic -target-feature +soft-float-abi -target-feature +vfp2 -target-feature +vfp2sp -target-feature +vfp3 -target-feature +vfp3d16 -target-feature +vfp3d16sp -target-feature +vfp3sp -target-feature -fp16 -target-feature -vfp4 -target-feature -vfp4d16 -target-feature -vfp4d16sp -target-feature -vfp4sp -target-feature -fp-armv8 -target-feature -fp-armv8d16 -target-feature -fp-armv8d16sp -target-feature -fp-armv8sp -target-feature -fullfp16 -target-feature +fp64 -target-feature +d32 -target-feature +neon -target-feature -sha2 -target-feature -aes -target-feature -fp16fml -target-abi aapcs-linux -mfloat-abi soft -debug-info-kind=constructor -dwarf-version=4 -debugger-tuning=gdb -fdebug-compilation-dir=/storage/internal_new/project/Freyja/app/.cxx/Debug/5t2h71d6/armeabi-v7a/CMakeFiles/CMakeTmp -v -ffunction-sections -fdata-sections -fcoverage-compilation-dir=/storage/internal_new/project/Freyja/app/.cxx/Debug/5t2h71d6/armeabi-v7a/CMakeFiles/CMakeTmp -resource-dir /opt/ndk/android-ndk-r29/toolchains/llvm/prebuilt/linux-arm64/lib/clang/21 -dependency-file CMakeFiles/cmTC_b6e05.dir/CMakeCCompilerABI.c.o.d -MT CMakeFiles/cmTC_b6e05.dir/CMakeCCompilerABI.c.o -sys-header-deps -D ANDROID -D _FORTIFY_SOURCE=2 -isysroot /opt/ndk/android-ndk-r29/toolchains/llvm/prebuilt/linux-arm64/sysroot -internal-isystem /opt/ndk/android-ndk-r29/toolchains/llvm/prebuilt/linux-arm64/lib/clang/21/include -internal-isystem /opt/ndk/android-ndk-r29/toolchains/llvm/prebuilt/linux-arm64/sysroot/usr/local/include -internal-externc-isystem /opt/ndk/android-ndk-r29/toolchains/llvm/prebuilt/linux-arm64/sysroot/usr/include/arm-linux-androideabi -internal-externc-isystem /opt/ndk/android-ndk-r29/toolchains/llvm/prebuilt/linux-arm64/sysroot/include -internal-externc-isystem /opt/ndk/android-ndk-r29/toolchains/llvm/prebuilt/linux-arm64/sysroot/usr/include -Wformat -ferror-limit 19 -femulated-tls -stack-protector 2 -fno-signed-char -fgnuc-version=4.2.1 -fskip-odr-check-in-gmf -D__GCC_HAVE_DWARF2_CFI_ASM=1 -o CMakeFiles/cmTC_b6e05.dir/CMakeCCompilerABI.c.o -x c /opt/cmake/cmake-3.22.1/share/cmake-3.22/Modules/CMakeCCompilerABI.c]
  ignore line: [clang -cc1 version 21.0.0 based upon LLVM 21.0.0 default target aarch64-linux-android25]
  ignore line: [ignoring nonexistent directory "/opt/ndk/android-ndk-r29/toolchains/llvm/prebuilt/linux-arm64/sysroot/usr/local/include"]
  ignore line: [ignoring nonexistent directory "/opt/ndk/android-ndk-r29/toolchains/llvm/prebuilt/linux-arm64/sysroot/include"]
  ignore line: [#include "..." search starts here:]
  ignore line: [#include <...> search starts here:]
  ignore line: [ /opt/ndk/android-ndk-r29/toolchains/llvm/prebuilt/linux-arm64/lib/clang/21/include]
  ignore line: [ /opt/ndk/android-ndk-r29/toolchains/llvm/prebuilt/linux-arm64/sysroot/usr/include/arm-linux-androideabi]
  ignore line: [ /opt/ndk/android-ndk-r29/toolchains/llvm/prebuilt/linux-arm64/sysroot/usr/include]
  ignore line: [End of search list.]
  ignore line: [[2/2] Linking C executable cmTC_b6e05]
  ignore line: [Android clang version 21.0.0 (https://github.com/HomuHomu833/llvm-custom 62d18923e0836fef09de95de5a774f56b2434d1a)]
  ignore line: [Target: armv7-none-linux-android26]
  ignore line: [Thread model: posix]
  ignore line: [InstalledDir: /opt/ndk/android-ndk-r29/toolchains/llvm/prebuilt/linux-arm64/bin]
  link line: [ "/opt/ndk/android-ndk-r29/toolchains/llvm/prebuilt/linux-arm64/bin/ld.lld" --sysroot=/opt/ndk/android-ndk-r29/toolchains/llvm/prebuilt/linux-arm64/sysroot -EL -z now -z relro -z max-page-size=4096 --no-rosegment -X --hash-style=gnu --eh-frame-hdr -m armelf_linux_eabi -pie -dynamic-linker /system/bin/linker -o cmTC_b6e05 /opt/ndk/android-ndk-r29/toolchains/llvm/prebuilt/linux-arm64/sysroot/usr/lib/arm-linux-androideabi/26/crtbegin_dynamic.o -L/opt/ndk/android-ndk-r29/toolchains/llvm/prebuilt/linux-arm64/lib/clang/21/lib/linux/arm -L/opt/ndk/android-ndk-r29/toolchains/llvm/prebuilt/linux-arm64/sysroot/usr/lib/arm-linux-androideabi/26 -L/opt/ndk/android-ndk-r29/toolchains/llvm/prebuilt/linux-arm64/sysroot/usr/lib/arm-linux-androideabi -L/opt/ndk/android-ndk-r29/toolchains/llvm/prebuilt/linux-arm64/sysroot/usr/lib/../lib -L/opt/ndk/android-ndk-r29/toolchains/llvm/prebuilt/linux-arm64/sysroot/usr/lib --build-id=sha1 --no-rosegment --no-undefined-version --fatal-warnings --no-undefined CMakeFiles/cmTC_b6e05.dir/CMakeCCompilerABI.c.o /opt/ndk/android-ndk-r29/toolchains/llvm/prebuilt/linux-arm64/lib/clang/21/lib/linux/libclang_rt.builtins-arm-android.a -l:libunwind.a -ldl -lc /opt/ndk/android-ndk-r29/toolchains/llvm/prebuilt/linux-arm64/lib/clang/21/lib/linux/libclang_rt.builtins-arm-android.a -l:libunwind.a -ldl /opt/ndk/android-ndk-r29/toolchains/llvm/prebuilt/linux-arm64/sysroot/usr/lib/arm-linux-androideabi/26/crtend_android.o]
    arg [/opt/ndk/android-ndk-r29/toolchains/llvm/prebuilt/linux-arm64/bin/ld.lld] ==> ignore
    arg [--sysroot=/opt/ndk/android-ndk-r29/toolchains/llvm/prebuilt/linux-arm64/sysroot] ==> ignore
    arg [-EL] ==> ignore
    arg [-znow] ==> ignore
    arg [-zrelro] ==> ignore
    arg [-zmax-page-size=4096] ==> ignore
    arg [--no-rosegment] ==> ignore
    arg [-X] ==> ignore
    arg [--hash-style=gnu] ==> ignore
    arg [--eh-frame-hdr] ==> ignore
    arg [-m] ==> ignore
    arg [armelf_linux_eabi] ==> ignore
    arg [-pie] ==> ignore
    arg [-dynamic-linker] ==> ignore
    arg [/system/bin/linker] ==> ignore
    arg [-o] ==> ignore
    arg [cmTC_b6e05] ==> ignore
    arg [/opt/ndk/android-ndk-r29/toolchains/llvm/prebuilt/linux-arm64/sysroot/usr/lib/arm-linux-androideabi/26/crtbegin_dynamic.o] ==> obj [/opt/ndk/android-ndk-r29/toolchains/llvm/prebuilt/linux-arm64/sysroot/usr/lib/arm-linux-androideabi/26/crtbegin_dynamic.o]
    arg [-L/opt/ndk/android-ndk-r29/toolchains/llvm/prebuilt/linux-arm64/lib/clang/21/lib/linux/arm] ==> dir [/opt/ndk/android-ndk-r29/toolchains/llvm/prebuilt/linux-arm64/lib/clang/21/lib/linux/arm]
    arg [-L/opt/ndk/android-ndk-r29/toolchains/llvm/prebuilt/linux-arm64/sysroot/usr/lib/arm-linux-androideabi/26] ==> dir [/opt/ndk/android-ndk-r29/toolchains/llvm/prebuilt/linux-arm64/sysroot/usr/lib/arm-linux-androideabi/26]
    arg [-L/opt/ndk/android-ndk-r29/toolchains/llvm/prebuilt/linux-arm64/sysroot/usr/lib/arm-linux-androideabi] ==> dir [/opt/ndk/android-ndk-r29/toolchains/llvm/prebuilt/linux-arm64/sysroot/usr/lib/arm-linux-androideabi]
    arg [-L/opt/ndk/android-ndk-r29/toolchains/llvm/prebuilt/linux-arm64/sysroot/usr/lib/../lib] ==> dir [/opt/ndk/android-ndk-r29/toolchains/llvm/prebuilt/linux-arm64/sysroot/usr/lib/../lib]
    arg [-L/opt/ndk/android-ndk-r29/toolchains/llvm/prebuilt/linux-arm64/sysroot/usr/lib] ==> dir [/opt/ndk/android-ndk-r29/toolchains/llvm/prebuilt/linux-arm64/sysroot/usr/lib]
    arg [--build-id=sha1] ==> ignore
    arg [--no-rosegment] ==> ignore
    arg [--no-undefined-version] ==> ignore
    arg [--fatal-warnings] ==> ignore
    arg [--no-undefined] ==> ignore
    arg [CMakeFiles/cmTC_b6e05.dir/CMakeCCompilerABI.c.o] ==> ignore
    arg [/opt/ndk/android-ndk-r29/toolchains/llvm/prebuilt/linux-arm64/lib/clang/21/lib/linux/libclang_rt.builtins-arm-android.a] ==> lib [/opt/ndk/android-ndk-r29/toolchains/llvm/prebuilt/linux-arm64/lib/clang/21/lib/linux/libclang_rt.builtins-arm-android.a]
    arg [-l:libunwind.a] ==> lib [-l:libunwind.a]
    arg [-ldl] ==> lib [dl]
    arg [-lc] ==> lib [c]
    arg [/opt/ndk/android-ndk-r29/toolchains/llvm/prebuilt/linux-arm64/lib/clang/21/lib/linux/libclang_rt.builtins-arm-android.a] ==> lib [/opt/ndk/android-ndk-r29/toolchains/llvm/prebuilt/linux-arm64/lib/clang/21/lib/linux/libclang_rt.builtins-arm-android.a]
    arg [-l:libunwind.a] ==> lib [-l:libunwind.a]
    arg [-ldl] ==> lib [dl]
    arg [/opt/ndk/android-ndk-r29/toolchains/llvm/prebuilt/linux-arm64/sysroot/usr/lib/arm-linux-androideabi/26/crtend_android.o] ==> obj [/opt/ndk/android-ndk-r29/toolchains/llvm/prebuilt/linux-arm64/sysroot/usr/lib/arm-linux-androideabi/26/crtend_android.o]
  remove lib [/opt/ndk/android-ndk-r29/toolchains/llvm/prebuilt/linux-arm64/lib/clang/21/lib/linux/libclang_rt.builtins-arm-android.a]
  remove lib [/opt/ndk/android-ndk-r29/toolchains/llvm/prebuilt/linux-arm64/lib/clang/21/lib/linux/libclang_rt.builtins-arm-android.a]
  collapse library dir [/opt/ndk/android-ndk-r29/toolchains/llvm/prebuilt/linux-arm64/lib/clang/21/lib/linux/arm] ==> [/opt/ndk/android-ndk-r29/toolchains/llvm/prebuilt/linux-arm64/lib/clang/21/lib/linux/arm]
  collapse library dir [/opt/ndk/android-ndk-r29/toolchains/llvm/prebuilt/linux-arm64/sysroot/usr/lib/arm-linux-androideabi/26] ==> [/opt/ndk/android-ndk-r29/toolchains/llvm/prebuilt/linux-arm64/sysroot/usr/lib/arm-linux-androideabi/26]
  collapse library dir [/opt/ndk/android-ndk-r29/toolchains/llvm/prebuilt/linux-arm64/sysroot/usr/lib/arm-linux-androideabi] ==> [/opt/ndk/android-ndk-r29/toolchains/llvm/prebuilt/linux-arm64/sysroot/usr/lib/arm-linux-androideabi]
  collapse library dir [/opt/ndk/android-ndk-r29/toolchains/llvm/prebuilt/linux-arm64/sysroot/usr/lib/../lib] ==> [/opt/ndk/android-ndk-r29/toolchains/llvm/prebuilt/linux-arm64/sysroot/usr/lib]
  collapse library dir [/opt/ndk/android-ndk-r29/toolchains/llvm/prebuilt/linux-arm64/sysroot/usr/lib] ==> [/opt/ndk/android-ndk-r29/toolchains/llvm/prebuilt/linux-arm64/sysroot/usr/lib]
  implicit libs: [-l:libunwind.a;dl;c;-l:libunwind.a;dl]
  implicit objs: [/opt/ndk/android-ndk-r29/toolchains/llvm/prebuilt/linux-arm64/sysroot/usr/lib/arm-linux-androideabi/26/crtbegin_dynamic.o;/opt/ndk/android-ndk-r29/toolchains/llvm/prebuilt/linux-arm64/sysroot/usr/lib/arm-linux-androideabi/26/crtend_android.o]
  implicit dirs: [/opt/ndk/android-ndk-r29/toolchains/llvm/prebuilt/linux-arm64/lib/clang/21/lib/linux/arm;/opt/ndk/android-ndk-r29/toolchains/llvm/prebuilt/linux-arm64/sysroot/usr/lib/arm-linux-androideabi/26;/opt/ndk/android-ndk-r29/toolchains/llvm/prebuilt/linux-arm64/sysroot/usr/lib/arm-linux-androideabi;/opt/ndk/android-ndk-r29/toolchains/llvm/prebuilt/linux-arm64/sysroot/usr/lib]
  implicit fwks: []


Detecting CXX compiler ABI info compiled with the following output:
Change Dir: /storage/internal_new/project/Freyja/app/.cxx/Debug/5t2h71d6/armeabi-v7a/CMakeFiles/CMakeTmp

Run Build Command(s):/opt/cmake/cmake-3.22.1/bin/ninja cmTC_3d394 && [1/2] Building CXX object CMakeFiles/cmTC_3d394.dir/CMakeCXXCompilerABI.cpp.o
Android clang version 21.0.0 (https://github.com/HomuHomu833/llvm-custom 62d18923e0836fef09de95de5a774f56b2434d1a)
Target: armv7-none-linux-android26
Thread model: posix
InstalledDir: /opt/ndk/android-ndk-r29/toolchains/llvm/prebuilt/linux-arm64/bin
 (in-process)
 "/opt/ndk/android-ndk-r29/toolchains/llvm/prebuilt/linux-arm64/bin/clang++" -cc1 -triple thumbv7-none-linux-android26 -emit-obj -disable-free -clear-ast-before-backend -disable-llvm-verifier -discard-value-names -main-file-name CMakeCXXCompilerABI.cpp -mrelocation-model pic -pic-level 2 -pic-is-pie -mframe-pointer=all -ffp-contract=on -fno-rounding-math -mconstructor-aliases -funwind-tables=1 -target-cpu generic -target-feature +soft-float-abi -target-feature +vfp2 -target-feature +vfp2sp -target-feature +vfp3 -target-feature +vfp3d16 -target-feature +vfp3d16sp -target-feature +vfp3sp -target-feature -fp16 -target-feature -vfp4 -target-feature -vfp4d16 -target-feature -vfp4d16sp -target-feature -vfp4sp -target-feature -fp-armv8 -target-feature -fp-armv8d16 -target-feature -fp-armv8d16sp -target-feature -fp-armv8sp -target-feature -fullfp16 -target-feature +fp64 -target-feature +d32 -target-feature +neon -target-feature -sha2 -target-feature -aes -target-feature -fp16fml -target-abi aapcs-linux -mfloat-abi soft -debug-info-kind=constructor -dwarf-version=4 -debugger-tuning=gdb -fdebug-compilation-dir=/storage/internal_new/project/Freyja/app/.cxx/Debug/5t2h71d6/armeabi-v7a/CMakeFiles/CMakeTmp -v -ffunction-sections -fdata-sections -fcoverage-compilation-dir=/storage/internal_new/project/Freyja/app/.cxx/Debug/5t2h71d6/armeabi-v7a/CMakeFiles/CMakeTmp -resource-dir /opt/ndk/android-ndk-r29/toolchains/llvm/prebuilt/linux-arm64/lib/clang/21 -dependency-file CMakeFiles/cmTC_3d394.dir/CMakeCXXCompilerABI.cpp.o.d -MT CMakeFiles/cmTC_3d394.dir/CMakeCXXCompilerABI.cpp.o -sys-header-deps -D ANDROID -D _FORTIFY_SOURCE=2 -isysroot /opt/ndk/android-ndk-r29/toolchains/llvm/prebuilt/linux-arm64/sysroot -internal-isystem /opt/ndk/android-ndk-r29/toolchains/llvm/prebuilt/linux-arm64/sysroot/usr/include/c++/v1 -internal-isystem /opt/ndk/android-ndk-r29/toolchains/llvm/prebuilt/linux-arm64/lib/clang/21/include -internal-isystem /opt/ndk/android-ndk-r29/toolchains/llvm/prebuilt/linux-arm64/sysroot/usr/local/include -internal-externc-isystem /opt/ndk/android-ndk-r29/toolchains/llvm/prebuilt/linux-arm64/sysroot/usr/include/arm-linux-androideabi -internal-externc-isystem /opt/ndk/android-ndk-r29/toolchains/llvm/prebuilt/linux-arm64/sysroot/include -internal-externc-isystem /opt/ndk/android-ndk-r29/toolchains/llvm/prebuilt/linux-arm64/sysroot/usr/include -Wformat -fdeprecated-macro -ferror-limit 19 -femulated-tls -stack-protector 2 -fno-signed-char -fgnuc-version=4.2.1 -fskip-odr-check-in-gmf -fcxx-exceptions -fexceptions -D__GCC_HAVE_DWARF2_CFI_ASM=1 -o CMakeFiles/cmTC_3d394.dir/CMakeCXXCompilerABI.cpp.o -x c++ /opt/cmake/cmake-3.22.1/share/cmake-3.22/Modules/CMakeCXXCompilerABI.cpp
clang -cc1 version 21.0.0 based upon LLVM 21.0.0 default target aarch64-linux-android25
ignoring nonexistent directory "/opt/ndk/android-ndk-r29/toolchains/llvm/prebuilt/linux-arm64/sysroot/usr/local/include"
ignoring nonexistent directory "/opt/ndk/android-ndk-r29/toolchains/llvm/prebuilt/linux-arm64/sysroot/include"
#include "..." search starts here:
#include <...> search starts here:
 /opt/ndk/android-ndk-r29/toolchains/llvm/prebuilt/linux-arm64/sysroot/usr/include/c++/v1
 /opt/ndk/android-ndk-r29/toolchains/llvm/prebuilt/linux-arm64/lib/clang/21/include
 /opt/ndk/android-ndk-r29/toolchains/llvm/prebuilt/linux-arm64/sysroot/usr/include/arm-linux-androideabi
 /opt/ndk/android-ndk-r29/toolchains/llvm/prebuilt/linux-arm64/sysroot/usr/include
End of search list.
[2/2] Linking CXX executable cmTC_3d394
Android clang version 21.0.0 (https://github.com/HomuHomu833/llvm-custom 62d18923e0836fef09de95de5a774f56b2434d1a)
Target: armv7-none-linux-android26
Thread model: posix
InstalledDir: /opt/ndk/android-ndk-r29/toolchains/llvm/prebuilt/linux-arm64/bin
 "/opt/ndk/android-ndk-r29/toolchains/llvm/prebuilt/linux-arm64/bin/ld.lld" --sysroot=/opt/ndk/android-ndk-r29/toolchains/llvm/prebuilt/linux-arm64/sysroot -EL -z now -z relro -z max-page-size=4096 --no-rosegment -X --hash-style=gnu --eh-frame-hdr -m armelf_linux_eabi -pie -dynamic-linker /system/bin/linker -o cmTC_3d394 /opt/ndk/android-ndk-r29/toolchains/llvm/prebuilt/linux-arm64/sysroot/usr/lib/arm-linux-androideabi/26/crtbegin_dynamic.o -L/opt/ndk/android-ndk-r29/toolchains/llvm/prebuilt/linux-arm64/lib/clang/21/lib/linux/arm -L/opt/ndk/android-ndk-r29/toolchains/llvm/prebuilt/linux-arm64/sysroot/usr/lib/arm-linux-androideabi/26 -L/opt/ndk/android-ndk-r29/toolchains/llvm/prebuilt/linux-arm64/sysroot/usr/lib/arm-linux-androideabi -L/opt/ndk/android-ndk-r29/toolchains/llvm/prebuilt/linux-arm64/sysroot/usr/lib/../lib -L/opt/ndk/android-ndk-r29/toolchains/llvm/prebuilt/linux-arm64/sysroot/usr/lib --build-id=sha1 --no-rosegment --no-undefined-version --fatal-warnings --no-undefined CMakeFiles/cmTC_3d394.dir/CMakeCXXCompilerABI.cpp.o -lc++ -lm /opt/ndk/android-ndk-r29/toolchains/llvm/prebuilt/linux-arm64/lib/clang/21/lib/linux/libclang_rt.builtins-arm-android.a -l:libunwind.a -ldl -lc /opt/ndk/android-ndk-r29/toolchains/llvm/prebuilt/linux-arm64/lib/clang/21/lib/linux/libclang_rt.builtins-arm-android.a -l:libunwind.a -ldl /opt/ndk/android-ndk-r29/toolchains/llvm/prebuilt/linux-arm64/sysroot/usr/lib/arm-linux-androideabi/26/crtend_android.o



Parsed CXX implicit include dir info from above output: rv=done
  found start of include info
  found start of implicit include info
    add: [/opt/ndk/android-ndk-r29/toolchains/llvm/prebuilt/linux-arm64/sysroot/usr/include/c++/v1]
    add: [/opt/ndk/android-ndk-r29/toolchains/llvm/prebuilt/linux-arm64/lib/clang/21/include]
    add: [/opt/ndk/android-ndk-r29/toolchains/llvm/prebuilt/linux-arm64/sysroot/usr/include/arm-linux-androideabi]
    add: [/opt/ndk/android-ndk-r29/toolchains/llvm/prebuilt/linux-arm64/sysroot/usr/include]
  end of search list found
  collapse include dir [/opt/ndk/android-ndk-r29/toolchains/llvm/prebuilt/linux-arm64/sysroot/usr/include/c++/v1] ==> [/opt/ndk/android-ndk-r29/toolchains/llvm/prebuilt/linux-arm64/sysroot/usr/include/c++/v1]
  collapse include dir [/opt/ndk/android-ndk-r29/toolchains/llvm/prebuilt/linux-arm64/lib/clang/21/include] ==> [/opt/ndk/android-ndk-r29/toolchains/llvm/prebuilt/linux-arm64/lib/clang/21/include]
  collapse include dir [/opt/ndk/android-ndk-r29/toolchains/llvm/prebuilt/linux-arm64/sysroot/usr/include/arm-linux-androideabi] ==> [/opt/ndk/android-ndk-r29/toolchains/llvm/prebuilt/linux-arm64/sysroot/usr/include/arm-linux-androideabi]
  collapse include dir [/opt/ndk/android-ndk-r29/toolchains/llvm/prebuilt/linux-arm64/sysroot/usr/include] ==> [/opt/ndk/android-ndk-r29/toolchains/llvm/prebuilt/linux-arm64/sysroot/usr/include]
  implicit include dirs: [/opt/ndk/android-ndk-r29/toolchains/llvm/prebuilt/linux-arm64/sysroot/usr/include/c++/v1;/opt/ndk/android-ndk-r29/toolchains/llvm/prebuilt/linux-arm64/lib/clang/21/include;/opt/ndk/android-ndk-r29/toolchains/llvm/prebuilt/linux-arm64/sysroot/usr/include/arm-linux-androideabi;/opt/ndk/android-ndk-r29/toolchains/llvm/prebuilt/linux-arm64/sysroot/usr/include]


Parsed CXX implicit link information from above output:
  link line regex: [^( *|.*[/\])(ld\.lld|CMAKE_LINK_STARTFILE-NOTFOUND|([^/\]+-)?ld|collect2)[^/\]*( |$)]
  ignore line: [Change Dir: /storage/internal_new/project/Freyja/app/.cxx/Debug/5t2h71d6/armeabi-v7a/CMakeFiles/CMakeTmp]
  ignore line: []
  ignore line: [Run Build Command(s):/opt/cmake/cmake-3.22.1/bin/ninja cmTC_3d394 && [1/2] Building CXX object CMakeFiles/cmTC_3d394.dir/CMakeCXXCompilerABI.cpp.o]
  ignore line: [Android clang version 21.0.0 (https://github.com/HomuHomu833/llvm-custom 62d18923e0836fef09de95de5a774f56b2434d1a)]
  ignore line: [Target: armv7-none-linux-android26]
  ignore line: [Thread model: posix]
  ignore line: [InstalledDir: /opt/ndk/android-ndk-r29/toolchains/llvm/prebuilt/linux-arm64/bin]
  ignore line: [ (in-process)]
  ignore line: [ "/opt/ndk/android-ndk-r29/toolchains/llvm/prebuilt/linux-arm64/bin/clang++" -cc1 -triple thumbv7-none-linux-android26 -emit-obj -disable-free -clear-ast-before-backend -disable-llvm-verifier -discard-value-names -main-file-name CMakeCXXCompilerABI.cpp -mrelocation-model pic -pic-level 2 -pic-is-pie -mframe-pointer=all -ffp-contract=on -fno-rounding-math -mconstructor-aliases -funwind-tables=1 -target-cpu generic -target-feature +soft-float-abi -target-feature +vfp2 -target-feature +vfp2sp -target-feature +vfp3 -target-feature +vfp3d16 -target-feature +vfp3d16sp -target-feature +vfp3sp -target-feature -fp16 -target-feature -vfp4 -target-feature -vfp4d16 -target-feature -vfp4d16sp -target-feature -vfp4sp -target-feature -fp-armv8 -target-feature -fp-armv8d16 -target-feature -fp-armv8d16sp -target-feature -fp-armv8sp -target-feature -fullfp16 -target-feature +fp64 -target-feature +d32 -target-feature +neon -target-feature -sha2 -target-feature -aes -target-feature -fp16fml -target-abi aapcs-linux -mfloat-abi soft -debug-info-kind=constructor -dwarf-version=4 -debugger-tuning=gdb -fdebug-compilation-dir=/storage/internal_new/project/Freyja/app/.cxx/Debug/5t2h71d6/armeabi-v7a/CMakeFiles/CMakeTmp -v -ffunction-sections -fdata-sections -fcoverage-compilation-dir=/storage/internal_new/project/Freyja/app/.cxx/Debug/5t2h71d6/armeabi-v7a/CMakeFiles/CMakeTmp -resource-dir /opt/ndk/android-ndk-r29/toolchains/llvm/prebuilt/linux-arm64/lib/clang/21 -dependency-file CMakeFiles/cmTC_3d394.dir/CMakeCXXCompilerABI.cpp.o.d -MT CMakeFiles/cmTC_3d394.dir/CMakeCXXCompilerABI.cpp.o -sys-header-deps -D ANDROID -D _FORTIFY_SOURCE=2 -isysroot /opt/ndk/android-ndk-r29/toolchains/llvm/prebuilt/linux-arm64/sysroot -internal-isystem /opt/ndk/android-ndk-r29/toolchains/llvm/prebuilt/linux-arm64/sysroot/usr/include/c++/v1 -internal-isystem /opt/ndk/android-ndk-r29/toolchains/llvm/prebuilt/linux-arm64/lib/clang/21/include -internal-isystem /opt/ndk/android-ndk-r29/toolchains/llvm/prebuilt/linux-arm64/sysroot/usr/local/include -internal-externc-isystem /opt/ndk/android-ndk-r29/toolchains/llvm/prebuilt/linux-arm64/sysroot/usr/include/arm-linux-androideabi -internal-externc-isystem /opt/ndk/android-ndk-r29/toolchains/llvm/prebuilt/linux-arm64/sysroot/include -internal-externc-isystem /opt/ndk/android-ndk-r29/toolchains/llvm/prebuilt/linux-arm64/sysroot/usr/include -Wformat -fdeprecated-macro -ferror-limit 19 -femulated-tls -stack-protector 2 -fno-signed-char -fgnuc-version=4.2.1 -fskip-odr-check-in-gmf -fcxx-exceptions -fexceptions -D__GCC_HAVE_DWARF2_CFI_ASM=1 -o CMakeFiles/cmTC_3d394.dir/CMakeCXXCompilerABI.cpp.o -x c++ /opt/cmake/cmake-3.22.1/share/cmake-3.22/Modules/CMakeCXXCompilerABI.cpp]
  ignore line: [clang -cc1 version 21.0.0 based upon LLVM 21.0.0 default target aarch64-linux-android25]
  ignore line: [ignoring nonexistent directory "/opt/ndk/android-ndk-r29/toolchains/llvm/prebuilt/linux-arm64/sysroot/usr/local/include"]
  ignore line: [ignoring nonexistent directory "/opt/ndk/android-ndk-r29/toolchains/llvm/prebuilt/linux-arm64/sysroot/include"]
  ignore line: [#include "..." search starts here:]
  ignore line: [#include <...> search starts here:]
  ignore line: [ /opt/ndk/android-ndk-r29/toolchains/llvm/prebuilt/linux-arm64/sysroot/usr/include/c++/v1]
  ignore line: [ /opt/ndk/android-ndk-r29/toolchains/llvm/prebuilt/linux-arm64/lib/clang/21/include]
  ignore line: [ /opt/ndk/android-ndk-r29/toolchains/llvm/prebuilt/linux-arm64/sysroot/usr/include/arm-linux-androideabi]
  ignore line: [ /opt/ndk/android-ndk-r29/toolchains/llvm/prebuilt/linux-arm64/sysroot/usr/include]
  ignore line: [End of search list.]
  ignore line: [[2/2] Linking CXX executable cmTC_3d394]
  ignore line: [Android clang version 21.0.0 (https://github.com/HomuHomu833/llvm-custom 62d18923e0836fef09de95de5a774f56b2434d1a)]
  ignore line: [Target: armv7-none-linux-android26]
  ignore line: [Thread model: posix]
  ignore line: [InstalledDir: /opt/ndk/android-ndk-r29/toolchains/llvm/prebuilt/linux-arm64/bin]
  link line: [ "/opt/ndk/android-ndk-r29/toolchains/llvm/prebuilt/linux-arm64/bin/ld.lld" --sysroot=/opt/ndk/android-ndk-r29/toolchains/llvm/prebuilt/linux-arm64/sysroot -EL -z now -z relro -z max-page-size=4096 --no-rosegment -X --hash-style=gnu --eh-frame-hdr -m armelf_linux_eabi -pie -dynamic-linker /system/bin/linker -o cmTC_3d394 /opt/ndk/android-ndk-r29/toolchains/llvm/prebuilt/linux-arm64/sysroot/usr/lib/arm-linux-androideabi/26/crtbegin_dynamic.o -L/opt/ndk/android-ndk-r29/toolchains/llvm/prebuilt/linux-arm64/lib/clang/21/lib/linux/arm -L/opt/ndk/android-ndk-r29/toolchains/llvm/prebuilt/linux-arm64/sysroot/usr/lib/arm-linux-androideabi/26 -L/opt/ndk/android-ndk-r29/toolchains/llvm/prebuilt/linux-arm64/sysroot/usr/lib/arm-linux-androideabi -L/opt/ndk/android-ndk-r29/toolchains/llvm/prebuilt/linux-arm64/sysroot/usr/lib/../lib -L/opt/ndk/android-ndk-r29/toolchains/llvm/prebuilt/linux-arm64/sysroot/usr/lib --build-id=sha1 --no-rosegment --no-undefined-version --fatal-warnings --no-undefined CMakeFiles/cmTC_3d394.dir/CMakeCXXCompilerABI.cpp.o -lc++ -lm /opt/ndk/android-ndk-r29/toolchains/llvm/prebuilt/linux-arm64/lib/clang/21/lib/linux/libclang_rt.builtins-arm-android.a -l:libunwind.a -ldl -lc /opt/ndk/android-ndk-r29/toolchains/llvm/prebuilt/linux-arm64/lib/clang/21/lib/linux/libclang_rt.builtins-arm-android.a -l:libunwind.a -ldl /opt/ndk/android-ndk-r29/toolchains/llvm/prebuilt/linux-arm64/sysroot/usr/lib/arm-linux-androideabi/26/crtend_android.o]
    arg [/opt/ndk/android-ndk-r29/toolchains/llvm/prebuilt/linux-arm64/bin/ld.lld] ==> ignore
    arg [--sysroot=/opt/ndk/android-ndk-r29/toolchains/llvm/prebuilt/linux-arm64/sysroot] ==> ignore
    arg [-EL] ==> ignore
    arg [-znow] ==> ignore
    arg [-zrelro] ==> ignore
    arg [-zmax-page-size=4096] ==> ignore
    arg [--no-rosegment] ==> ignore
    arg [-X] ==> ignore
    arg [--hash-style=gnu] ==> ignore
    arg [--eh-frame-hdr] ==> ignore
    arg [-m] ==> ignore
    arg [armelf_linux_eabi] ==> ignore
    arg [-pie] ==> ignore
    arg [-dynamic-linker] ==> ignore
    arg [/system/bin/linker] ==> ignore
    arg [-o] ==> ignore
    arg [cmTC_3d394] ==> ignore
    arg [/opt/ndk/android-ndk-r29/toolchains/llvm/prebuilt/linux-arm64/sysroot/usr/lib/arm-linux-androideabi/26/crtbegin_dynamic.o] ==> obj [/opt/ndk/android-ndk-r29/toolchains/llvm/prebuilt/linux-arm64/sysroot/usr/lib/arm-linux-androideabi/26/crtbegin_dynamic.o]
    arg [-L/opt/ndk/android-ndk-r29/toolchains/llvm/prebuilt/linux-arm64/lib/clang/21/lib/linux/arm] ==> dir [/opt/ndk/android-ndk-r29/toolchains/llvm/prebuilt/linux-arm64/lib/clang/21/lib/linux/arm]
    arg [-L/opt/ndk/android-ndk-r29/toolchains/llvm/prebuilt/linux-arm64/sysroot/usr/lib/arm-linux-androideabi/26] ==> dir [/opt/ndk/android-ndk-r29/toolchains/llvm/prebuilt/linux-arm64/sysroot/usr/lib/arm-linux-androideabi/26]
    arg [-L/opt/ndk/android-ndk-r29/toolchains/llvm/prebuilt/linux-arm64/sysroot/usr/lib/arm-linux-androideabi] ==> dir [/opt/ndk/android-ndk-r29/toolchains/llvm/prebuilt/linux-arm64/sysroot/usr/lib/arm-linux-androideabi]
    arg [-L/opt/ndk/android-ndk-r29/toolchains/llvm/prebuilt/linux-arm64/sysroot/usr/lib/../lib] ==> dir [/opt/ndk/android-ndk-r29/toolchains/llvm/prebuilt/linux-arm64/sysroot/usr/lib/../lib]
    arg [-L/opt/ndk/android-ndk-r29/toolchains/llvm/prebuilt/linux-arm64/sysroot/usr/lib] ==> dir [/opt/ndk/android-ndk-r29/toolchains/llvm/prebuilt/linux-arm64/sysroot/usr/lib]
    arg [--build-id=sha1] ==> ignore
    arg [--no-rosegment] ==> ignore
    arg [--no-undefined-version] ==> ignore
    arg [--fatal-warnings] ==> ignore
    arg [--no-undefined] ==> ignore
    arg [CMakeFiles/cmTC_3d394.dir/CMakeCXXCompilerABI.cpp.o] ==> ignore
    arg [-lc++] ==> lib [c++]
    arg [-lm] ==> lib [m]
    arg [/opt/ndk/android-ndk-r29/toolchains/llvm/prebuilt/linux-arm64/lib/clang/21/lib/linux/libclang_rt.builtins-arm-android.a] ==> lib [/opt/ndk/android-ndk-r29/toolchains/llvm/prebuilt/linux-arm64/lib/clang/21/lib/linux/libclang_rt.builtins-arm-android.a]
    arg [-l:libunwind.a] ==> lib [-l:libunwind.a]
    arg [-ldl] ==> lib [dl]
    arg [-lc] ==> lib [c]
    arg [/opt/ndk/android-ndk-r29/toolchains/llvm/prebuilt/linux-arm64/lib/clang/21/lib/linux/libclang_rt.builtins-arm-android.a] ==> lib [/opt/ndk/android-ndk-r29/toolchains/llvm/prebuilt/linux-arm64/lib/clang/21/lib/linux/libclang_rt.builtins-arm-android.a]
    arg [-l:libunwind.a] ==> lib [-l:libunwind.a]
    arg [-ldl] ==> lib [dl]
    arg [/opt/ndk/android-ndk-r29/toolchains/llvm/prebuilt/linux-arm64/sysroot/usr/lib/arm-linux-androideabi/26/crtend_android.o] ==> obj [/opt/ndk/android-ndk-r29/toolchains/llvm/prebuilt/linux-arm64/sysroot/usr/lib/arm-linux-androideabi/26/crtend_android.o]
  remove lib [/opt/ndk/android-ndk-r29/toolchains/llvm/prebuilt/linux-arm64/lib/clang/21/lib/linux/libclang_rt.builtins-arm-android.a]
  remove lib [/opt/ndk/android-ndk-r29/toolchains/llvm/prebuilt/linux-arm64/lib/clang/21/lib/linux/libclang_rt.builtins-arm-android.a]
  collapse library dir [/opt/ndk/android-ndk-r29/toolchains/llvm/prebuilt/linux-arm64/lib/clang/21/lib/linux/arm] ==> [/opt/ndk/android-ndk-r29/toolchains/llvm/prebuilt/linux-arm64/lib/clang/21/lib/linux/arm]
  collapse library dir [/opt/ndk/android-ndk-r29/toolchains/llvm/prebuilt/linux-arm64/sysroot/usr/lib/arm-linux-androideabi/26] ==> [/opt/ndk/android-ndk-r29/toolchains/llvm/prebuilt/linux-arm64/sysroot/usr/lib/arm-linux-androideabi/26]
  collapse library dir [/opt/ndk/android-ndk-r29/toolchains/llvm/prebuilt/linux-arm64/sysroot/usr/lib/arm-linux-androideabi] ==> [/opt/ndk/android-ndk-r29/toolchains/llvm/prebuilt/linux-arm64/sysroot/usr/lib/arm-linux-androideabi]
  collapse library dir [/opt/ndk/android-ndk-r29/toolchains/llvm/prebuilt/linux-arm64/sysroot/usr/lib/../lib] ==> [/opt/ndk/android-ndk-r29/toolchains/llvm/prebuilt/linux-arm64/sysroot/usr/lib]
  collapse library dir [/opt/ndk/android-ndk-r29/toolchains/llvm/prebuilt/linux-arm64/sysroot/usr/lib] ==> [/opt/ndk/android-ndk-r29/toolchains/llvm/prebuilt/linux-arm64/sysroot/usr/lib]
  implicit libs: [c++;m;-l:libunwind.a;dl;c;-l:libunwind.a;dl]
  implicit objs: [/opt/ndk/android-ndk-r29/toolchains/llvm/prebuilt/linux-arm64/sysroot/usr/lib/arm-linux-androideabi/26/crtbegin_dynamic.o;/opt/ndk/android-ndk-r29/toolchains/llvm/prebuilt/linux-arm64/sysroot/usr/lib/arm-linux-androideabi/26/crtend_android.o]
  implicit dirs: [/opt/ndk/android-ndk-r29/toolchains/llvm/prebuilt/linux-arm64/lib/clang/21/lib/linux/arm;/opt/ndk/android-ndk-r29/toolchains/llvm/prebuilt/linux-arm64/sysroot/usr/lib/arm-linux-androideabi/26;/opt/ndk/android-ndk-r29/toolchains/llvm/prebuilt/linux-arm64/sysroot/usr/lib/arm-linux-androideabi;/opt/ndk/android-ndk-r29/toolchains/llvm/prebuilt/linux-arm64/sysroot/usr/lib]
  implicit fwks: []


